<!doctype html public "-//w3c//dtd html 4.0 transitional//en">
<html><head>
<title>Static Call Graph - [.\Debug\HTTP_Server.axf]</title></head>
<body><HR>
<H1>Static Call Graph for image .\Debug\HTTP_Server.axf</H1><HR>
<BR><P>#&#060CALLGRAPH&#062# ARM Linker, 5060960: Last Updated: Sun Apr 27 16:44:03 2025
<BR><P>
<H3>Maximum Stack Usage =        256 bytes + Unknown(Cycles, Untraceable Function Pointers)</H3><H3>
Call chain for Maximum Stack Depth:</H3>
main &rArr; HAL_Init &rArr; HAL_MspInit &rArr; HAL_RCCEx_PeriphCLKConfig &rArr; HAL_GetTick &rArr; osKernelGetTickCount &rArr; svcRtxKernelGetTickCount &rArr; EvrRtxKernelGetTickCount &rArr; EventRecord2 &rArr; EventRecordItem
<P>
<H3>
Mutually Recursive functions
</H3> <LI><a href="#[107]">Error_Handler</a>&nbsp;&nbsp;&nbsp;&rArr;&nbsp;&nbsp;&nbsp;<a href="#[107]">Error_Handler</a><BR>
 <LI><a href="#[e0]">Error_Handler</a>&nbsp;&nbsp;&nbsp;&rArr;&nbsp;&nbsp;&nbsp;<a href="#[e0]">Error_Handler</a><BR>
 <LI><a href="#[1e6]">osRtxErrorNotify</a>&nbsp;&nbsp;&nbsp;&rArr;&nbsp;&nbsp;&nbsp;<a href="#[1e6]">osRtxErrorNotify</a><BR>
 <LI><a href="#[2]">HardFault_Handler</a>&nbsp;&nbsp;&nbsp;&rArr;&nbsp;&nbsp;&nbsp;<a href="#[2]">HardFault_Handler</a><BR>
 <LI><a href="#[3]">MemManage_Handler</a>&nbsp;&nbsp;&nbsp;&rArr;&nbsp;&nbsp;&nbsp;<a href="#[3]">MemManage_Handler</a><BR>
 <LI><a href="#[4]">BusFault_Handler</a>&nbsp;&nbsp;&nbsp;&rArr;&nbsp;&nbsp;&nbsp;<a href="#[4]">BusFault_Handler</a><BR>
 <LI><a href="#[5]">UsageFault_Handler</a>&nbsp;&nbsp;&nbsp;&rArr;&nbsp;&nbsp;&nbsp;<a href="#[5]">UsageFault_Handler</a><BR>
 <LI><a href="#[d9]">__asm___13_rtx_mempool_c_7914b4c7__atomic_link_put</a>&nbsp;&nbsp;&nbsp;&rArr;&nbsp;&nbsp;&nbsp;<a href="#[d9]">__asm___13_rtx_mempool_c_7914b4c7__atomic_link_put</a><BR>
 <LI><a href="#[91]">osRtxIdleThread</a>&nbsp;&nbsp;&nbsp;&rArr;&nbsp;&nbsp;&nbsp;<a href="#[91]">osRtxIdleThread</a><BR>
 <LI><a href="#[1c]">ADC_IRQHandler</a>&nbsp;&nbsp;&nbsp;&rArr;&nbsp;&nbsp;&nbsp;<a href="#[1c]">ADC_IRQHandler</a><BR>
</UL>
<P>
<H3>
Function Pointers
</H3><UL>
 <LI><a href="#[1c]">ADC_IRQHandler</a> from startup_stm32f429xx.o(.text) referenced from startup_stm32f429xx.o(RESET)
 <LI><a href="#[4]">BusFault_Handler</a> from stm32f4xx_it.o(.text) referenced from startup_stm32f429xx.o(RESET)
 <LI><a href="#[1e]">CAN1_RX0_IRQHandler</a> from startup_stm32f429xx.o(.text) referenced from startup_stm32f429xx.o(RESET)
 <LI><a href="#[1f]">CAN1_RX1_IRQHandler</a> from startup_stm32f429xx.o(.text) referenced from startup_stm32f429xx.o(RESET)
 <LI><a href="#[20]">CAN1_SCE_IRQHandler</a> from startup_stm32f429xx.o(.text) referenced from startup_stm32f429xx.o(RESET)
 <LI><a href="#[1d]">CAN1_TX_IRQHandler</a> from startup_stm32f429xx.o(.text) referenced from startup_stm32f429xx.o(RESET)
 <LI><a href="#[4a]">CAN2_RX0_IRQHandler</a> from startup_stm32f429xx.o(.text) referenced from startup_stm32f429xx.o(RESET)
 <LI><a href="#[4b]">CAN2_RX1_IRQHandler</a> from startup_stm32f429xx.o(.text) referenced from startup_stm32f429xx.o(RESET)
 <LI><a href="#[4c]">CAN2_SCE_IRQHandler</a> from startup_stm32f429xx.o(.text) referenced from startup_stm32f429xx.o(RESET)
 <LI><a href="#[49]">CAN2_TX_IRQHandler</a> from startup_stm32f429xx.o(.text) referenced from startup_stm32f429xx.o(RESET)
 <LI><a href="#[58]">DCMI_IRQHandler</a> from startup_stm32f429xx.o(.text) referenced from startup_stm32f429xx.o(RESET)
 <LI><a href="#[15]">DMA1_Stream0_IRQHandler</a> from startup_stm32f429xx.o(.text) referenced from startup_stm32f429xx.o(RESET)
 <LI><a href="#[16]">DMA1_Stream1_IRQHandler</a> from startup_stm32f429xx.o(.text) referenced from startup_stm32f429xx.o(RESET)
 <LI><a href="#[17]">DMA1_Stream2_IRQHandler</a> from startup_stm32f429xx.o(.text) referenced from startup_stm32f429xx.o(RESET)
 <LI><a href="#[18]">DMA1_Stream3_IRQHandler</a> from startup_stm32f429xx.o(.text) referenced from startup_stm32f429xx.o(RESET)
 <LI><a href="#[19]">DMA1_Stream4_IRQHandler</a> from startup_stm32f429xx.o(.text) referenced from startup_stm32f429xx.o(RESET)
 <LI><a href="#[1a]">DMA1_Stream5_IRQHandler</a> from startup_stm32f429xx.o(.text) referenced from startup_stm32f429xx.o(RESET)
 <LI><a href="#[1b]">DMA1_Stream6_IRQHandler</a> from startup_stm32f429xx.o(.text) referenced from startup_stm32f429xx.o(RESET)
 <LI><a href="#[39]">DMA1_Stream7_IRQHandler</a> from startup_stm32f429xx.o(.text) referenced from startup_stm32f429xx.o(RESET)
 <LI><a href="#[63]">DMA2D_IRQHandler</a> from startup_stm32f429xx.o(.text) referenced from startup_stm32f429xx.o(RESET)
 <LI><a href="#[42]">DMA2_Stream0_IRQHandler</a> from startup_stm32f429xx.o(.text) referenced from startup_stm32f429xx.o(RESET)
 <LI><a href="#[43]">DMA2_Stream1_IRQHandler</a> from startup_stm32f429xx.o(.text) referenced from startup_stm32f429xx.o(RESET)
 <LI><a href="#[44]">DMA2_Stream2_IRQHandler</a> from startup_stm32f429xx.o(.text) referenced from startup_stm32f429xx.o(RESET)
 <LI><a href="#[45]">DMA2_Stream3_IRQHandler</a> from startup_stm32f429xx.o(.text) referenced from startup_stm32f429xx.o(RESET)
 <LI><a href="#[46]">DMA2_Stream4_IRQHandler</a> from startup_stm32f429xx.o(.text) referenced from startup_stm32f429xx.o(RESET)
 <LI><a href="#[4e]">DMA2_Stream5_IRQHandler</a> from startup_stm32f429xx.o(.text) referenced from startup_stm32f429xx.o(RESET)
 <LI><a href="#[4f]">DMA2_Stream6_IRQHandler</a> from startup_stm32f429xx.o(.text) referenced from startup_stm32f429xx.o(RESET)
 <LI><a href="#[50]">DMA2_Stream7_IRQHandler</a> from startup_stm32f429xx.o(.text) referenced from startup_stm32f429xx.o(RESET)
 <LI><a href="#[7]">DebugMon_Handler</a> from stm32f4xx_it.o(.text) referenced from startup_stm32f429xx.o(RESET)
 <LI><a href="#[47]">ETH_IRQHandler</a> from emac_stm32f4xx.o(.text) referenced from startup_stm32f429xx.o(RESET)
 <LI><a href="#[48]">ETH_WKUP_IRQHandler</a> from startup_stm32f429xx.o(.text) referenced from startup_stm32f429xx.o(RESET)
 <LI><a href="#[10]">EXTI0_IRQHandler</a> from startup_stm32f429xx.o(.text) referenced from startup_stm32f429xx.o(RESET)
 <LI><a href="#[32]">EXTI15_10_IRQHandler</a> from startup_stm32f429xx.o(.text) referenced from startup_stm32f429xx.o(RESET)
 <LI><a href="#[11]">EXTI1_IRQHandler</a> from startup_stm32f429xx.o(.text) referenced from startup_stm32f429xx.o(RESET)
 <LI><a href="#[12]">EXTI2_IRQHandler</a> from startup_stm32f429xx.o(.text) referenced from startup_stm32f429xx.o(RESET)
 <LI><a href="#[13]">EXTI3_IRQHandler</a> from startup_stm32f429xx.o(.text) referenced from startup_stm32f429xx.o(RESET)
 <LI><a href="#[14]">EXTI4_IRQHandler</a> from startup_stm32f429xx.o(.text) referenced from startup_stm32f429xx.o(RESET)
 <LI><a href="#[21]">EXTI9_5_IRQHandler</a> from startup_stm32f429xx.o(.text) referenced from startup_stm32f429xx.o(RESET)
 <LI><a href="#[e]">FLASH_IRQHandler</a> from startup_stm32f429xx.o(.text) referenced from startup_stm32f429xx.o(RESET)
 <LI><a href="#[3a]">FMC_IRQHandler</a> from startup_stm32f429xx.o(.text) referenced from startup_stm32f429xx.o(RESET)
 <LI><a href="#[5a]">FPU_IRQHandler</a> from startup_stm32f429xx.o(.text) referenced from startup_stm32f429xx.o(RESET)
 <LI><a href="#[c9]">HAL_RCC_GetPCLK2Freq</a> from stm32f4xx_hal_rcc.o(.text) referenced from spi_stm32f4xx.o(.constdata)
 <LI><a href="#[59]">HASH_RNG_IRQHandler</a> from startup_stm32f429xx.o(.text) referenced from startup_stm32f429xx.o(RESET)
 <LI><a href="#[2]">HardFault_Handler</a> from stm32f4xx_it.o(.text) referenced from startup_stm32f429xx.o(RESET)
 <LI><a href="#[c7]">I2C1_Control</a> from i2c_stm32f4xx.o(.text) referenced from i2c_stm32f4xx.o(.constdata)
 <LI><a href="#[2a]">I2C1_ER_IRQHandler</a> from i2c_stm32f4xx.o(.text) referenced from startup_stm32f429xx.o(RESET)
 <LI><a href="#[29]">I2C1_EV_IRQHandler</a> from i2c_stm32f4xx.o(.text) referenced from startup_stm32f429xx.o(RESET)
 <LI><a href="#[c6]">I2C1_GetDataCount</a> from i2c_stm32f4xx.o(.text) referenced from i2c_stm32f4xx.o(.constdata)
 <LI><a href="#[c8]">I2C1_GetStatus</a> from i2c_stm32f4xx.o(.text) referenced from i2c_stm32f4xx.o(.constdata)
 <LI><a href="#[bf]">I2C1_Initialize</a> from i2c_stm32f4xx.o(.text) referenced from i2c_stm32f4xx.o(.constdata)
 <LI><a href="#[c3]">I2C1_MasterReceive</a> from i2c_stm32f4xx.o(.text) referenced from i2c_stm32f4xx.o(.constdata)
 <LI><a href="#[c2]">I2C1_MasterTransmit</a> from i2c_stm32f4xx.o(.text) referenced from i2c_stm32f4xx.o(.constdata)
 <LI><a href="#[c1]">I2C1_PowerControl</a> from i2c_stm32f4xx.o(.text) referenced from i2c_stm32f4xx.o(.constdata)
 <LI><a href="#[c5]">I2C1_SlaveReceive</a> from i2c_stm32f4xx.o(.text) referenced from i2c_stm32f4xx.o(.constdata)
 <LI><a href="#[c4]">I2C1_SlaveTransmit</a> from i2c_stm32f4xx.o(.text) referenced from i2c_stm32f4xx.o(.constdata)
 <LI><a href="#[c0]">I2C1_Uninitialize</a> from i2c_stm32f4xx.o(.text) referenced from i2c_stm32f4xx.o(.constdata)
 <LI><a href="#[2c]">I2C2_ER_IRQHandler</a> from startup_stm32f429xx.o(.text) referenced from startup_stm32f429xx.o(RESET)
 <LI><a href="#[2b]">I2C2_EV_IRQHandler</a> from startup_stm32f429xx.o(.text) referenced from startup_stm32f429xx.o(RESET)
 <LI><a href="#[53]">I2C3_ER_IRQHandler</a> from startup_stm32f429xx.o(.text) referenced from startup_stm32f429xx.o(RESET)
 <LI><a href="#[52]">I2C3_EV_IRQHandler</a> from startup_stm32f429xx.o(.text) referenced from startup_stm32f429xx.o(RESET)
 <LI><a href="#[be]">I2CX_GetCapabilities</a> from i2c_stm32f4xx.o(.text) referenced from i2c_stm32f4xx.o(.constdata)
 <LI><a href="#[bd]">I2CX_GetVersion</a> from i2c_stm32f4xx.o(.text) referenced from i2c_stm32f4xx.o(.constdata)
 <LI><a href="#[10d]">I2C_SignalEvent_TEMP</a> from temp.o(.text) referenced from temp.o(.text)
 <LI><a href="#[62]">LTDC_ER_IRQHandler</a> from startup_stm32f429xx.o(.text) referenced from startup_stm32f429xx.o(RESET)
 <LI><a href="#[61]">LTDC_IRQHandler</a> from startup_stm32f429xx.o(.text) referenced from startup_stm32f429xx.o(RESET)
 <LI><a href="#[3]">MemManage_Handler</a> from stm32f4xx_it.o(.text) referenced from startup_stm32f429xx.o(RESET)
 <LI><a href="#[1]">NMI_Handler</a> from stm32f4xx_it.o(.text) referenced from startup_stm32f429xx.o(RESET)
 <LI><a href="#[4d]">OTG_FS_IRQHandler</a> from startup_stm32f429xx.o(.text) referenced from startup_stm32f429xx.o(RESET)
 <LI><a href="#[34]">OTG_FS_WKUP_IRQHandler</a> from startup_stm32f429xx.o(.text) referenced from startup_stm32f429xx.o(RESET)
 <LI><a href="#[55]">OTG_HS_EP1_IN_IRQHandler</a> from startup_stm32f429xx.o(.text) referenced from startup_stm32f429xx.o(RESET)
 <LI><a href="#[54]">OTG_HS_EP1_OUT_IRQHandler</a> from startup_stm32f429xx.o(.text) referenced from startup_stm32f429xx.o(RESET)
 <LI><a href="#[57]">OTG_HS_IRQHandler</a> from startup_stm32f429xx.o(.text) referenced from startup_stm32f429xx.o(RESET)
 <LI><a href="#[56]">OTG_HS_WKUP_IRQHandler</a> from startup_stm32f429xx.o(.text) referenced from startup_stm32f429xx.o(RESET)
 <LI><a href="#[b]">PVD_IRQHandler</a> from startup_stm32f429xx.o(.text) referenced from startup_stm32f429xx.o(RESET)
 <LI><a href="#[8]">PendSV_Handler</a> from irq_armv7m.o(.text) referenced from startup_stm32f429xx.o(RESET)
 <LI><a href="#[f]">RCC_IRQHandler</a> from startup_stm32f429xx.o(.text) referenced from startup_stm32f429xx.o(RESET)
 <LI><a href="#[33]">RTC_Alarm_IRQHandler</a> from startup_stm32f429xx.o(.text) referenced from startup_stm32f429xx.o(RESET)
 <LI><a href="#[d]">RTC_WKUP_IRQHandler</a> from startup_stm32f429xx.o(.text) referenced from startup_stm32f429xx.o(RESET)
 <LI><a href="#[0]">Reset_Handler</a> from startup_stm32f429xx.o(.text) referenced from startup_stm32f429xx.o(RESET)
 <LI><a href="#[60]">SAI1_IRQHandler</a> from startup_stm32f429xx.o(.text) referenced from startup_stm32f429xx.o(RESET)
 <LI><a href="#[3b]">SDIO_IRQHandler</a> from startup_stm32f429xx.o(.text) referenced from startup_stm32f429xx.o(RESET)
 <LI><a href="#[d3]">SPI1_Control</a> from spi_stm32f4xx.o(.text) referenced from spi_stm32f4xx.o(.constdata)
 <LI><a href="#[d2]">SPI1_GetDataCount</a> from spi_stm32f4xx.o(.text) referenced from spi_stm32f4xx.o(.constdata)
 <LI><a href="#[d4]">SPI1_GetStatus</a> from spi_stm32f4xx.o(.text) referenced from spi_stm32f4xx.o(.constdata)
 <LI><a href="#[2d]">SPI1_IRQHandler</a> from spi_stm32f4xx.o(.text) referenced from startup_stm32f429xx.o(RESET)
 <LI><a href="#[cc]">SPI1_Initialize</a> from spi_stm32f4xx.o(.text) referenced from spi_stm32f4xx.o(.constdata)
 <LI><a href="#[ce]">SPI1_PowerControl</a> from spi_stm32f4xx.o(.text) referenced from spi_stm32f4xx.o(.constdata)
 <LI><a href="#[d0]">SPI1_Receive</a> from spi_stm32f4xx.o(.text) referenced from spi_stm32f4xx.o(.constdata)
 <LI><a href="#[cf]">SPI1_Send</a> from spi_stm32f4xx.o(.text) referenced from spi_stm32f4xx.o(.constdata)
 <LI><a href="#[d1]">SPI1_Transfer</a> from spi_stm32f4xx.o(.text) referenced from spi_stm32f4xx.o(.constdata)
 <LI><a href="#[cd]">SPI1_Uninitialize</a> from spi_stm32f4xx.o(.text) referenced from spi_stm32f4xx.o(.constdata)
 <LI><a href="#[2e]">SPI2_IRQHandler</a> from startup_stm32f429xx.o(.text) referenced from startup_stm32f429xx.o(RESET)
 <LI><a href="#[3d]">SPI3_IRQHandler</a> from startup_stm32f429xx.o(.text) referenced from startup_stm32f429xx.o(RESET)
 <LI><a href="#[5d]">SPI4_IRQHandler</a> from startup_stm32f429xx.o(.text) referenced from startup_stm32f429xx.o(RESET)
 <LI><a href="#[5e]">SPI5_IRQHandler</a> from startup_stm32f429xx.o(.text) referenced from startup_stm32f429xx.o(RESET)
 <LI><a href="#[5f]">SPI6_IRQHandler</a> from startup_stm32f429xx.o(.text) referenced from startup_stm32f429xx.o(RESET)
 <LI><a href="#[cb]">SPIX_GetCapabilities</a> from spi_stm32f4xx.o(.text) referenced from spi_stm32f4xx.o(.constdata)
 <LI><a href="#[ca]">SPIX_GetVersion</a> from spi_stm32f4xx.o(.text) referenced from spi_stm32f4xx.o(.constdata)
 <LI><a href="#[6]">SVC_Handler</a> from irq_armv7m.o(.text) referenced from startup_stm32f429xx.o(RESET)
 <LI><a href="#[9]">SysTick_Handler</a> from irq_armv7m.o(.text) referenced from rtx_kernel.o(.text)
 <LI><a href="#[9]">SysTick_Handler</a> from irq_armv7m.o(.text) referenced from startup_stm32f429xx.o(RESET)
 <LI><a href="#[ba]">SystemInit</a> from system_stm32f4xx_1.o(.text) referenced from startup_stm32f429xx.o(.text)
 <LI><a href="#[c]">TAMP_STAMP_IRQHandler</a> from startup_stm32f429xx.o(.text) referenced from startup_stm32f429xx.o(RESET)
 <LI><a href="#[22]">TIM1_BRK_TIM9_IRQHandler</a> from startup_stm32f429xx.o(.text) referenced from startup_stm32f429xx.o(RESET)
 <LI><a href="#[25]">TIM1_CC_IRQHandler</a> from startup_stm32f429xx.o(.text) referenced from startup_stm32f429xx.o(RESET)
 <LI><a href="#[24]">TIM1_TRG_COM_TIM11_IRQHandler</a> from startup_stm32f429xx.o(.text) referenced from startup_stm32f429xx.o(RESET)
 <LI><a href="#[23]">TIM1_UP_TIM10_IRQHandler</a> from startup_stm32f429xx.o(.text) referenced from startup_stm32f429xx.o(RESET)
 <LI><a href="#[26]">TIM2_IRQHandler</a> from startup_stm32f429xx.o(.text) referenced from startup_stm32f429xx.o(RESET)
 <LI><a href="#[27]">TIM3_IRQHandler</a> from startup_stm32f429xx.o(.text) referenced from startup_stm32f429xx.o(RESET)
 <LI><a href="#[28]">TIM4_IRQHandler</a> from startup_stm32f429xx.o(.text) referenced from startup_stm32f429xx.o(RESET)
 <LI><a href="#[3c]">TIM5_IRQHandler</a> from startup_stm32f429xx.o(.text) referenced from startup_stm32f429xx.o(RESET)
 <LI><a href="#[40]">TIM6_DAC_IRQHandler</a> from startup_stm32f429xx.o(.text) referenced from startup_stm32f429xx.o(RESET)
 <LI><a href="#[41]">TIM7_IRQHandler</a> from startup_stm32f429xx.o(.text) referenced from startup_stm32f429xx.o(RESET)
 <LI><a href="#[35]">TIM8_BRK_TIM12_IRQHandler</a> from startup_stm32f429xx.o(.text) referenced from startup_stm32f429xx.o(RESET)
 <LI><a href="#[38]">TIM8_CC_IRQHandler</a> from startup_stm32f429xx.o(.text) referenced from startup_stm32f429xx.o(RESET)
 <LI><a href="#[37]">TIM8_TRG_COM_TIM14_IRQHandler</a> from startup_stm32f429xx.o(.text) referenced from startup_stm32f429xx.o(RESET)
 <LI><a href="#[36]">TIM8_UP_TIM13_IRQHandler</a> from startup_stm32f429xx.o(.text) referenced from startup_stm32f429xx.o(RESET)
 <LI><a href="#[b2]">TIMEx_DMACommutationCplt</a> from stm32f4xx_hal_tim_ex.o(.text) referenced 2 times from stm32f4xx_hal_tim.o(.text)
 <LI><a href="#[b3]">TIMEx_DMACommutationHalfCplt</a> from stm32f4xx_hal_tim_ex.o(.text) referenced 2 times from stm32f4xx_hal_tim.o(.text)
 <LI><a href="#[b6]">TIM_DMACaptureCplt</a> from stm32f4xx_hal_tim.o(.text) referenced 4 times from stm32f4xx_hal_tim.o(.text)
 <LI><a href="#[b7]">TIM_DMACaptureHalfCplt</a> from stm32f4xx_hal_tim.o(.text) referenced 4 times from stm32f4xx_hal_tim.o(.text)
 <LI><a href="#[af]">TIM_DMADelayPulseCplt</a> from stm32f4xx_hal_tim.o(.text) referenced 3 times from stm32f4xx_hal_tim.o(.text)
 <LI><a href="#[b1]">TIM_DMADelayPulseHalfCplt</a> from stm32f4xx_hal_tim.o(.text) referenced 5 times from stm32f4xx_hal_tim.o(.text)
 <LI><a href="#[b8]">TIM_DMADelayPulseNCplt</a> from stm32f4xx_hal_tim_ex.o(.text) referenced 2 times from stm32f4xx_hal_tim_ex.o(.text)
 <LI><a href="#[b0]">TIM_DMAError</a> from stm32f4xx_hal_tim.o(.text) referenced 8 times from stm32f4xx_hal_tim.o(.text)
 <LI><a href="#[b9]">TIM_DMAErrorCCxN</a> from stm32f4xx_hal_tim_ex.o(.text) referenced 2 times from stm32f4xx_hal_tim_ex.o(.text)
 <LI><a href="#[ad]">TIM_DMAPeriodElapsedCplt</a> from stm32f4xx_hal_tim.o(.text) referenced 2 times from stm32f4xx_hal_tim.o(.text)
 <LI><a href="#[ae]">TIM_DMAPeriodElapsedHalfCplt</a> from stm32f4xx_hal_tim.o(.text) referenced 2 times from stm32f4xx_hal_tim.o(.text)
 <LI><a href="#[b4]">TIM_DMATriggerCplt</a> from stm32f4xx_hal_tim.o(.text) referenced from stm32f4xx_hal_tim.o(.text)
 <LI><a href="#[b5]">TIM_DMATriggerHalfCplt</a> from stm32f4xx_hal_tim.o(.text) referenced from stm32f4xx_hal_tim.o(.text)
 <LI><a href="#[11a]">Th_Temp_Test</a> from temp.o(.text) referenced from temp.o(.text)
 <LI><a href="#[103]">Thread_LCD</a> from lcd.o(.text) referenced from lcd.o(.text)
 <LI><a href="#[114]">Thread_Temp</a> from temp.o(.text) referenced from temp.o(.text)
 <LI><a href="#[3e]">UART4_IRQHandler</a> from startup_stm32f429xx.o(.text) referenced from startup_stm32f429xx.o(RESET)
 <LI><a href="#[3f]">UART5_IRQHandler</a> from startup_stm32f429xx.o(.text) referenced from startup_stm32f429xx.o(RESET)
 <LI><a href="#[5b]">UART7_IRQHandler</a> from startup_stm32f429xx.o(.text) referenced from startup_stm32f429xx.o(RESET)
 <LI><a href="#[5c]">UART8_IRQHandler</a> from startup_stm32f429xx.o(.text) referenced from startup_stm32f429xx.o(RESET)
 <LI><a href="#[2f]">USART1_IRQHandler</a> from startup_stm32f429xx.o(.text) referenced from startup_stm32f429xx.o(RESET)
 <LI><a href="#[30]">USART2_IRQHandler</a> from startup_stm32f429xx.o(.text) referenced from startup_stm32f429xx.o(RESET)
 <LI><a href="#[31]">USART3_IRQHandler</a> from startup_stm32f429xx.o(.text) referenced from startup_stm32f429xx.o(RESET)
 <LI><a href="#[51]">USART6_IRQHandler</a> from startup_stm32f429xx.o(.text) referenced from startup_stm32f429xx.o(RESET)
 <LI><a href="#[5]">UsageFault_Handler</a> from stm32f4xx_it.o(.text) referenced from startup_stm32f429xx.o(RESET)
 <LI><a href="#[a]">WWDG_IRQHandler</a> from startup_stm32f429xx.o(.text) referenced from startup_stm32f429xx.o(RESET)
 <LI><a href="#[bb]">__main</a> from entry.o(.ARM.Collect$$$$00000000) referenced from startup_stm32f429xx.o(.text)
 <LI><a href="#[bc]">fputc</a> from retarget_io.o(.text) referenced from printfa.o(i.__0printf)
 <LI><a href="#[64]">main</a> from main.o(.text) referenced from entry9a.o(.ARM.Collect$$$$0000000B)
 <LI><a href="#[f1]">mySPI_callback</a> from lcd.o(.text) referenced from lcd.o(.text)
 <LI><a href="#[91]">osRtxIdleThread</a> from rtx_config.o(.text) referenced from rtx_thread.o(.text)
 <LI><a href="#[74]">osRtxMemoryPoolPostProcess</a> from rtx_mempool.o(.text) referenced from rtx_mempool.o(.text)
 <LI><a href="#[7e]">osRtxMessageQueuePostProcess</a> from rtx_msgqueue.o(.text) referenced from rtx_msgqueue.o(.text)
 <LI><a href="#[90]">osRtxThreadPostProcess</a> from rtx_thread.o(.text) referenced from rtx_thread.o(.text)
 <LI><a href="#[d6]">osRtxTimerSetup</a> from rtx_timer.o(.text) referenced from rtx_lib.o(.rodata)
 <LI><a href="#[d5]">osRtxTimerThread</a> from rtx_timer.o(.text) referenced from rtx_lib.o(.rodata)
 <LI><a href="#[a6]">osRtxTimerTick</a> from rtx_timer.o(.text) referenced from rtx_timer.o(.text)
 <LI><a href="#[23d]">osThreadExit</a> from rtx_thread.o(.text) referenced from rtx_thread.o(.text)
 <LI><a href="#[65]">svcRtxDelay</a> from rtx_delay.o(.text) referenced from rtx_delay.o(.text)
 <LI><a href="#[66]">svcRtxDelayUntil</a> from rtx_delay.o(.text) referenced from rtx_delay.o(.text)
 <LI><a href="#[68]">svcRtxKernelGetInfo</a> from rtx_kernel.o(.text) referenced from rtx_kernel.o(.text)
 <LI><a href="#[69]">svcRtxKernelGetState</a> from rtx_kernel.o(.text) referenced from rtx_kernel.o(.text)
 <LI><a href="#[72]">svcRtxKernelGetSysTimerCount</a> from rtx_kernel.o(.text) referenced from rtx_kernel.o(.text)
 <LI><a href="#[73]">svcRtxKernelGetSysTimerFreq</a> from rtx_kernel.o(.text) referenced from rtx_kernel.o(.text)
 <LI><a href="#[70]">svcRtxKernelGetTickCount</a> from rtx_kernel.o(.text) referenced from rtx_kernel.o(.text)
 <LI><a href="#[71]">svcRtxKernelGetTickFreq</a> from rtx_kernel.o(.text) referenced from rtx_kernel.o(.text)
 <LI><a href="#[67]">svcRtxKernelInitialize</a> from rtx_kernel.o(.text) referenced from rtx_kernel.o(.text)
 <LI><a href="#[6b]">svcRtxKernelLock</a> from rtx_kernel.o(.text) referenced from rtx_kernel.o(.text)
 <LI><a href="#[6d]">svcRtxKernelRestoreLock</a> from rtx_kernel.o(.text) referenced from rtx_kernel.o(.text)
 <LI><a href="#[6f]">svcRtxKernelResume</a> from rtx_kernel.o(.text) referenced from rtx_kernel.o(.text)
 <LI><a href="#[6a]">svcRtxKernelStart</a> from rtx_kernel.o(.text) referenced from rtx_kernel.o(.text)
 <LI><a href="#[6e]">svcRtxKernelSuspend</a> from rtx_kernel.o(.text) referenced from rtx_kernel.o(.text)
 <LI><a href="#[6c]">svcRtxKernelUnlock</a> from rtx_kernel.o(.text) referenced from rtx_kernel.o(.text)
 <LI><a href="#[77]">svcRtxMemoryPoolAlloc</a> from rtx_mempool.o(.text) referenced from rtx_mempool.o(.text)
 <LI><a href="#[7d]">svcRtxMemoryPoolDelete</a> from rtx_mempool.o(.text) referenced from rtx_mempool.o(.text)
 <LI><a href="#[78]">svcRtxMemoryPoolFree</a> from rtx_mempool.o(.text) referenced from rtx_mempool.o(.text)
 <LI><a href="#[7a]">svcRtxMemoryPoolGetBlockSize</a> from rtx_mempool.o(.text) referenced from rtx_mempool.o(.text)
 <LI><a href="#[79]">svcRtxMemoryPoolGetCapacity</a> from rtx_mempool.o(.text) referenced from rtx_mempool.o(.text)
 <LI><a href="#[7b]">svcRtxMemoryPoolGetCount</a> from rtx_mempool.o(.text) referenced from rtx_mempool.o(.text)
 <LI><a href="#[76]">svcRtxMemoryPoolGetName</a> from rtx_mempool.o(.text) referenced from rtx_mempool.o(.text)
 <LI><a href="#[7c]">svcRtxMemoryPoolGetSpace</a> from rtx_mempool.o(.text) referenced from rtx_mempool.o(.text)
 <LI><a href="#[75]">svcRtxMemoryPoolNew</a> from rtx_mempool.o(.text) referenced from rtx_mempool.o(.text)
 <LI><a href="#[88]">svcRtxMessageQueueDelete</a> from rtx_msgqueue.o(.text) referenced from rtx_msgqueue.o(.text)
 <LI><a href="#[82]">svcRtxMessageQueueGet</a> from rtx_msgqueue.o(.text) referenced from rtx_msgqueue.o(.text)
 <LI><a href="#[83]">svcRtxMessageQueueGetCapacity</a> from rtx_msgqueue.o(.text) referenced from rtx_msgqueue.o(.text)
 <LI><a href="#[85]">svcRtxMessageQueueGetCount</a> from rtx_msgqueue.o(.text) referenced from rtx_msgqueue.o(.text)
 <LI><a href="#[84]">svcRtxMessageQueueGetMsgSize</a> from rtx_msgqueue.o(.text) referenced from rtx_msgqueue.o(.text)
 <LI><a href="#[80]">svcRtxMessageQueueGetName</a> from rtx_msgqueue.o(.text) referenced from rtx_msgqueue.o(.text)
 <LI><a href="#[86]">svcRtxMessageQueueGetSpace</a> from rtx_msgqueue.o(.text) referenced from rtx_msgqueue.o(.text)
 <LI><a href="#[7f]">svcRtxMessageQueueNew</a> from rtx_msgqueue.o(.text) referenced from rtx_msgqueue.o(.text)
 <LI><a href="#[81]">svcRtxMessageQueuePut</a> from rtx_msgqueue.o(.text) referenced from rtx_msgqueue.o(.text)
 <LI><a href="#[87]">svcRtxMessageQueueReset</a> from rtx_msgqueue.o(.text) referenced from rtx_msgqueue.o(.text)
 <LI><a href="#[8b]">svcRtxMutexAcquire</a> from rtx_mutex.o(.text) referenced from rtx_mutex.o(.text)
 <LI><a href="#[8e]">svcRtxMutexDelete</a> from rtx_mutex.o(.text) referenced from rtx_mutex.o(.text)
 <LI><a href="#[8a]">svcRtxMutexGetName</a> from rtx_mutex.o(.text) referenced from rtx_mutex.o(.text)
 <LI><a href="#[8d]">svcRtxMutexGetOwner</a> from rtx_mutex.o(.text) referenced from rtx_mutex.o(.text)
 <LI><a href="#[89]">svcRtxMutexNew</a> from rtx_mutex.o(.text) referenced from rtx_mutex.o(.text)
 <LI><a href="#[8c]">svcRtxMutexRelease</a> from rtx_mutex.o(.text) referenced from rtx_mutex.o(.text)
 <LI><a href="#[9d]">svcRtxThreadDetach</a> from rtx_thread.o(.text) referenced from rtx_thread.o(.text)
 <LI><a href="#[a1]">svcRtxThreadEnumerate</a> from rtx_thread.o(.text) referenced from rtx_thread.o(.text)
 <LI><a href="#[8f]">svcRtxThreadExit</a> from rtx_thread.o(.text) referenced from rtx_thread.o(.text)
 <LI><a href="#[a3]">svcRtxThreadFlagsClear</a> from rtx_thread.o(.text) referenced from rtx_thread.o(.text)
 <LI><a href="#[a4]">svcRtxThreadFlagsGet</a> from rtx_thread.o(.text) referenced from rtx_thread.o(.text)
 <LI><a href="#[a2]">svcRtxThreadFlagsSet</a> from rtx_thread.o(.text) referenced from rtx_thread.o(.text)
 <LI><a href="#[a5]">svcRtxThreadFlagsWait</a> from rtx_thread.o(.text) referenced from rtx_thread.o(.text)
 <LI><a href="#[a0]">svcRtxThreadGetCount</a> from rtx_thread.o(.text) referenced from rtx_thread.o(.text)
 <LI><a href="#[94]">svcRtxThreadGetId</a> from rtx_thread.o(.text) referenced from rtx_thread.o(.text)
 <LI><a href="#[93]">svcRtxThreadGetName</a> from rtx_thread.o(.text) referenced from rtx_thread.o(.text)
 <LI><a href="#[99]">svcRtxThreadGetPriority</a> from rtx_thread.o(.text) referenced from rtx_thread.o(.text)
 <LI><a href="#[96]">svcRtxThreadGetStackSize</a> from rtx_thread.o(.text) referenced from rtx_thread.o(.text)
 <LI><a href="#[97]">svcRtxThreadGetStackSpace</a> from rtx_thread.o(.text) referenced from rtx_thread.o(.text)
 <LI><a href="#[95]">svcRtxThreadGetState</a> from rtx_thread.o(.text) referenced from rtx_thread.o(.text)
 <LI><a href="#[9e]">svcRtxThreadJoin</a> from rtx_thread.o(.text) referenced from rtx_thread.o(.text)
 <LI><a href="#[92]">svcRtxThreadNew</a> from rtx_thread.o(.text) referenced from rtx_thread.o(.text)
 <LI><a href="#[9c]">svcRtxThreadResume</a> from rtx_thread.o(.text) referenced from rtx_thread.o(.text)
 <LI><a href="#[98]">svcRtxThreadSetPriority</a> from rtx_thread.o(.text) referenced from rtx_thread.o(.text)
 <LI><a href="#[9b]">svcRtxThreadSuspend</a> from rtx_thread.o(.text) referenced from rtx_thread.o(.text)
 <LI><a href="#[9f]">svcRtxThreadTerminate</a> from rtx_thread.o(.text) referenced from rtx_thread.o(.text)
 <LI><a href="#[9a]">svcRtxThreadYield</a> from rtx_thread.o(.text) referenced from rtx_thread.o(.text)
 <LI><a href="#[ac]">svcRtxTimerDelete</a> from rtx_timer.o(.text) referenced from rtx_timer.o(.text)
 <LI><a href="#[a8]">svcRtxTimerGetName</a> from rtx_timer.o(.text) referenced from rtx_timer.o(.text)
 <LI><a href="#[ab]">svcRtxTimerIsRunning</a> from rtx_timer.o(.text) referenced from rtx_timer.o(.text)
 <LI><a href="#[a7]">svcRtxTimerNew</a> from rtx_timer.o(.text) referenced from rtx_timer.o(.text)
 <LI><a href="#[a9]">svcRtxTimerStart</a> from rtx_timer.o(.text) referenced from rtx_timer.o(.text)
 <LI><a href="#[aa]">svcRtxTimerStop</a> from rtx_timer.o(.text) referenced from rtx_timer.o(.text)
</UL>
<P>
<H3>
Global Symbols
</H3>
<P><STRONG><a name="[bb]"></a>__main</STRONG> (Thumb, 0 bytes, Stack size unknown bytes, entry.o(.ARM.Collect$$$$00000000))
<BR>[Address Reference Count : 1]<UL><LI> startup_stm32f429xx.o(.text)
</UL>
<P><STRONG><a name="[356]"></a>_main_stk</STRONG> (Thumb, 0 bytes, Stack size unknown bytes, entry2.o(.ARM.Collect$$$$00000001))

<P><STRONG><a name="[d7]"></a>_main_scatterload</STRONG> (Thumb, 0 bytes, Stack size unknown bytes, entry5.o(.ARM.Collect$$$$00000004))
<BR><BR>[Calls]<UL><LI><a href="#[d8]">&gt;&gt;</a>&nbsp;&nbsp;&nbsp;__scatterload
</UL>

<P><STRONG><a name="[34e]"></a>__main_after_scatterload</STRONG> (Thumb, 0 bytes, Stack size unknown bytes, entry5.o(.ARM.Collect$$$$00000004))
<BR><BR>[Called By]<UL><LI><a href="#[d8]">&gt;&gt;</a>&nbsp;&nbsp;&nbsp;__scatterload
</UL>

<P><STRONG><a name="[357]"></a>_main_clock</STRONG> (Thumb, 0 bytes, Stack size unknown bytes, entry7b.o(.ARM.Collect$$$$00000008))

<P><STRONG><a name="[358]"></a>_main_cpp_init</STRONG> (Thumb, 0 bytes, Stack size unknown bytes, entry8b.o(.ARM.Collect$$$$0000000A))

<P><STRONG><a name="[359]"></a>_main_init</STRONG> (Thumb, 0 bytes, Stack size unknown bytes, entry9a.o(.ARM.Collect$$$$0000000B))

<P><STRONG><a name="[35a]"></a>__rt_lib_shutdown_fini</STRONG> (Thumb, 0 bytes, Stack size unknown bytes, entry12b.o(.ARM.Collect$$$$0000000E))

<P><STRONG><a name="[35b]"></a>__rt_final_cpp</STRONG> (Thumb, 0 bytes, Stack size unknown bytes, entry10a.o(.ARM.Collect$$$$0000000F))

<P><STRONG><a name="[35c]"></a>__rt_final_exit</STRONG> (Thumb, 0 bytes, Stack size unknown bytes, entry11a.o(.ARM.Collect$$$$00000011))

<P><STRONG><a name="[35d]"></a>__asm___13_rtx_mempool_c_7914b4c7__atomic_wr8</STRONG> (Thumb, 16 bytes, Stack size 0 bytes, rtx_mempool.o(.emb_text), UNUSED)

<P><STRONG><a name="[35e]"></a>__asm___13_rtx_mempool_c_7914b4c7__atomic_set32</STRONG> (Thumb, 20 bytes, Stack size 0 bytes, rtx_mempool.o(.emb_text), UNUSED)

<P><STRONG><a name="[35f]"></a>__asm___13_rtx_mempool_c_7914b4c7__atomic_clr32</STRONG> (Thumb, 22 bytes, Stack size 0 bytes, rtx_mempool.o(.emb_text), UNUSED)

<P><STRONG><a name="[360]"></a>__asm___13_rtx_mempool_c_7914b4c7__atomic_chk32_all</STRONG> (Thumb, 38 bytes, Stack size 0 bytes, rtx_mempool.o(.emb_text), UNUSED)

<P><STRONG><a name="[361]"></a>__asm___13_rtx_mempool_c_7914b4c7__atomic_chk32_any</STRONG> (Thumb, 34 bytes, Stack size 0 bytes, rtx_mempool.o(.emb_text), UNUSED)

<P><STRONG><a name="[1f8]"></a>__asm___13_rtx_mempool_c_7914b4c7__atomic_inc32</STRONG> (Thumb, 18 bytes, Stack size 0 bytes, rtx_mempool.o(.emb_text))
<BR><BR>[Called By]<UL><LI><a href="#[1f6]">&gt;&gt;</a>&nbsp;&nbsp;&nbsp;osRtxMemoryPoolAlloc
</UL>

<P><STRONG><a name="[362]"></a>__asm___13_rtx_mempool_c_7914b4c7__atomic_inc16_lt</STRONG> (Thumb, 30 bytes, Stack size 0 bytes, rtx_mempool.o(.emb_text), UNUSED)

<P><STRONG><a name="[363]"></a>__asm___13_rtx_mempool_c_7914b4c7__atomic_inc16_lim</STRONG> (Thumb, 26 bytes, Stack size 0 bytes, rtx_mempool.o(.emb_text), UNUSED)

<P><STRONG><a name="[1fa]"></a>__asm___13_rtx_mempool_c_7914b4c7__atomic_dec32</STRONG> (Thumb, 18 bytes, Stack size 0 bytes, rtx_mempool.o(.emb_text))
<BR><BR>[Called By]<UL><LI><a href="#[1f9]">&gt;&gt;</a>&nbsp;&nbsp;&nbsp;osRtxMemoryPoolFree
</UL>

<P><STRONG><a name="[364]"></a>__asm___13_rtx_mempool_c_7914b4c7__atomic_dec32_nz</STRONG> (Thumb, 26 bytes, Stack size 0 bytes, rtx_mempool.o(.emb_text), UNUSED)

<P><STRONG><a name="[365]"></a>__asm___13_rtx_mempool_c_7914b4c7__atomic_dec16_nz</STRONG> (Thumb, 26 bytes, Stack size 0 bytes, rtx_mempool.o(.emb_text), UNUSED)

<P><STRONG><a name="[1f7]"></a>__asm___13_rtx_mempool_c_7914b4c7__atomic_link_get</STRONG> (Thumb, 26 bytes, Stack size 0 bytes, rtx_mempool.o(.emb_text))
<BR><BR>[Called By]<UL><LI><a href="#[1f6]">&gt;&gt;</a>&nbsp;&nbsp;&nbsp;osRtxMemoryPoolAlloc
</UL>

<P><STRONG><a name="[d9]"></a>__asm___13_rtx_mempool_c_7914b4c7__atomic_link_put</STRONG> (Thumb, 28 bytes, Stack size 0 bytes, rtx_mempool.o(.emb_text))
<BR><BR>[Calls]<UL><LI><a href="#[d9]">&gt;&gt;</a>&nbsp;&nbsp;&nbsp;__asm___13_rtx_mempool_c_7914b4c7__atomic_link_put
</UL>
<BR>[Called By]<UL><LI><a href="#[1f9]">&gt;&gt;</a>&nbsp;&nbsp;&nbsp;osRtxMemoryPoolFree
<LI><a href="#[d9]">&gt;&gt;</a>&nbsp;&nbsp;&nbsp;__asm___13_rtx_mempool_c_7914b4c7__atomic_link_put
</UL>

<P><STRONG><a name="[20e]"></a>__asm___14_rtx_msgqueue_c_a86a7a93__atomic_wr8</STRONG> (Thumb, 16 bytes, Stack size 0 bytes, rtx_msgqueue.o(.emb_text))
<BR><BR>[Called By]<UL><LI><a href="#[20c]">&gt;&gt;</a>&nbsp;&nbsp;&nbsp;MessageQueueGet
</UL>

<P><STRONG><a name="[366]"></a>__asm___14_rtx_msgqueue_c_a86a7a93__atomic_set32</STRONG> (Thumb, 20 bytes, Stack size 0 bytes, rtx_msgqueue.o(.emb_text), UNUSED)

<P><STRONG><a name="[367]"></a>__asm___14_rtx_msgqueue_c_a86a7a93__atomic_clr32</STRONG> (Thumb, 22 bytes, Stack size 0 bytes, rtx_msgqueue.o(.emb_text), UNUSED)

<P><STRONG><a name="[368]"></a>__asm___14_rtx_msgqueue_c_a86a7a93__atomic_chk32_all</STRONG> (Thumb, 38 bytes, Stack size 0 bytes, rtx_msgqueue.o(.emb_text), UNUSED)

<P><STRONG><a name="[369]"></a>__asm___14_rtx_msgqueue_c_a86a7a93__atomic_chk32_any</STRONG> (Thumb, 34 bytes, Stack size 0 bytes, rtx_msgqueue.o(.emb_text), UNUSED)

<P><STRONG><a name="[20b]"></a>__asm___14_rtx_msgqueue_c_a86a7a93__atomic_inc32</STRONG> (Thumb, 18 bytes, Stack size 0 bytes, rtx_msgqueue.o(.emb_text))
<BR><BR>[Called By]<UL><LI><a href="#[20a]">&gt;&gt;</a>&nbsp;&nbsp;&nbsp;MessageQueuePut
</UL>

<P><STRONG><a name="[36a]"></a>__asm___14_rtx_msgqueue_c_a86a7a93__atomic_inc16_lt</STRONG> (Thumb, 30 bytes, Stack size 0 bytes, rtx_msgqueue.o(.emb_text), UNUSED)

<P><STRONG><a name="[36b]"></a>__asm___14_rtx_msgqueue_c_a86a7a93__atomic_inc16_lim</STRONG> (Thumb, 26 bytes, Stack size 0 bytes, rtx_msgqueue.o(.emb_text), UNUSED)

<P><STRONG><a name="[36c]"></a>__asm___14_rtx_msgqueue_c_a86a7a93__atomic_dec32</STRONG> (Thumb, 18 bytes, Stack size 0 bytes, rtx_msgqueue.o(.emb_text), UNUSED)

<P><STRONG><a name="[20d]"></a>__asm___14_rtx_msgqueue_c_a86a7a93__atomic_dec32_nz</STRONG> (Thumb, 26 bytes, Stack size 0 bytes, rtx_msgqueue.o(.emb_text))
<BR><BR>[Called By]<UL><LI><a href="#[20c]">&gt;&gt;</a>&nbsp;&nbsp;&nbsp;MessageQueueGet
</UL>

<P><STRONG><a name="[36d]"></a>__asm___14_rtx_msgqueue_c_a86a7a93__atomic_dec16_nz</STRONG> (Thumb, 26 bytes, Stack size 0 bytes, rtx_msgqueue.o(.emb_text), UNUSED)

<P><STRONG><a name="[36e]"></a>__asm___14_rtx_msgqueue_c_a86a7a93__atomic_link_get</STRONG> (Thumb, 26 bytes, Stack size 0 bytes, rtx_msgqueue.o(.emb_text), UNUSED)

<P><STRONG><a name="[da]"></a>__asm___14_rtx_msgqueue_c_a86a7a93__atomic_link_put</STRONG> (Thumb, 28 bytes, Stack size 0 bytes, rtx_msgqueue.o(.emb_text), UNUSED)
<BR><BR>[Calls]<UL><LI><a href="#[da]">&gt;&gt;</a>&nbsp;&nbsp;&nbsp;__asm___14_rtx_msgqueue_c_a86a7a93__atomic_link_put
</UL>
<BR>[Called By]<UL><LI><a href="#[da]">&gt;&gt;</a>&nbsp;&nbsp;&nbsp;__asm___14_rtx_msgqueue_c_a86a7a93__atomic_link_put
</UL>

<P><STRONG><a name="[36f]"></a>__asm___12_rtx_system_c_024f2f18__atomic_wr8</STRONG> (Thumb, 16 bytes, Stack size 0 bytes, rtx_system.o(.emb_text), UNUSED)

<P><STRONG><a name="[370]"></a>__asm___12_rtx_system_c_024f2f18__atomic_set32</STRONG> (Thumb, 20 bytes, Stack size 0 bytes, rtx_system.o(.emb_text), UNUSED)

<P><STRONG><a name="[371]"></a>__asm___12_rtx_system_c_024f2f18__atomic_clr32</STRONG> (Thumb, 22 bytes, Stack size 0 bytes, rtx_system.o(.emb_text), UNUSED)

<P><STRONG><a name="[372]"></a>__asm___12_rtx_system_c_024f2f18__atomic_chk32_all</STRONG> (Thumb, 38 bytes, Stack size 0 bytes, rtx_system.o(.emb_text), UNUSED)

<P><STRONG><a name="[373]"></a>__asm___12_rtx_system_c_024f2f18__atomic_chk32_any</STRONG> (Thumb, 34 bytes, Stack size 0 bytes, rtx_system.o(.emb_text), UNUSED)

<P><STRONG><a name="[374]"></a>__asm___12_rtx_system_c_024f2f18__atomic_inc32</STRONG> (Thumb, 18 bytes, Stack size 0 bytes, rtx_system.o(.emb_text), UNUSED)

<P><STRONG><a name="[227]"></a>__asm___12_rtx_system_c_024f2f18__atomic_inc16_lt</STRONG> (Thumb, 30 bytes, Stack size 0 bytes, rtx_system.o(.emb_text))
<BR><BR>[Called By]<UL><LI><a href="#[226]">&gt;&gt;</a>&nbsp;&nbsp;&nbsp;isr_queue_put
</UL>

<P><STRONG><a name="[228]"></a>__asm___12_rtx_system_c_024f2f18__atomic_inc16_lim</STRONG> (Thumb, 26 bytes, Stack size 0 bytes, rtx_system.o(.emb_text))
<BR><BR>[Called By]<UL><LI><a href="#[229]">&gt;&gt;</a>&nbsp;&nbsp;&nbsp;isr_queue_get
<LI><a href="#[226]">&gt;&gt;</a>&nbsp;&nbsp;&nbsp;isr_queue_put
</UL>

<P><STRONG><a name="[375]"></a>__asm___12_rtx_system_c_024f2f18__atomic_dec32</STRONG> (Thumb, 18 bytes, Stack size 0 bytes, rtx_system.o(.emb_text), UNUSED)

<P><STRONG><a name="[376]"></a>__asm___12_rtx_system_c_024f2f18__atomic_dec32_nz</STRONG> (Thumb, 26 bytes, Stack size 0 bytes, rtx_system.o(.emb_text), UNUSED)

<P><STRONG><a name="[22a]"></a>__asm___12_rtx_system_c_024f2f18__atomic_dec16_nz</STRONG> (Thumb, 26 bytes, Stack size 0 bytes, rtx_system.o(.emb_text))
<BR><BR>[Called By]<UL><LI><a href="#[229]">&gt;&gt;</a>&nbsp;&nbsp;&nbsp;isr_queue_get
</UL>

<P><STRONG><a name="[377]"></a>__asm___12_rtx_system_c_024f2f18__atomic_link_get</STRONG> (Thumb, 26 bytes, Stack size 0 bytes, rtx_system.o(.emb_text), UNUSED)

<P><STRONG><a name="[db]"></a>__asm___12_rtx_system_c_024f2f18__atomic_link_put</STRONG> (Thumb, 28 bytes, Stack size 0 bytes, rtx_system.o(.emb_text), UNUSED)
<BR><BR>[Calls]<UL><LI><a href="#[db]">&gt;&gt;</a>&nbsp;&nbsp;&nbsp;__asm___12_rtx_system_c_024f2f18__atomic_link_put
</UL>
<BR>[Called By]<UL><LI><a href="#[db]">&gt;&gt;</a>&nbsp;&nbsp;&nbsp;__asm___12_rtx_system_c_024f2f18__atomic_link_put
</UL>

<P><STRONG><a name="[378]"></a>__asm___12_rtx_thread_c_add96be5__atomic_wr8</STRONG> (Thumb, 16 bytes, Stack size 0 bytes, rtx_thread.o(.emb_text), UNUSED)

<P><STRONG><a name="[22f]"></a>__asm___12_rtx_thread_c_add96be5__atomic_set32</STRONG> (Thumb, 20 bytes, Stack size 0 bytes, rtx_thread.o(.emb_text))
<BR><BR>[Called By]<UL><LI><a href="#[22e]">&gt;&gt;</a>&nbsp;&nbsp;&nbsp;ThreadFlagsSet
</UL>

<P><STRONG><a name="[231]"></a>__asm___12_rtx_thread_c_add96be5__atomic_clr32</STRONG> (Thumb, 22 bytes, Stack size 0 bytes, rtx_thread.o(.emb_text))
<BR><BR>[Called By]<UL><LI><a href="#[230]">&gt;&gt;</a>&nbsp;&nbsp;&nbsp;ThreadFlagsClear
</UL>

<P><STRONG><a name="[233]"></a>__asm___12_rtx_thread_c_add96be5__atomic_chk32_all</STRONG> (Thumb, 38 bytes, Stack size 0 bytes, rtx_thread.o(.emb_text))
<BR><BR>[Called By]<UL><LI><a href="#[232]">&gt;&gt;</a>&nbsp;&nbsp;&nbsp;ThreadFlagsCheck
</UL>

<P><STRONG><a name="[234]"></a>__asm___12_rtx_thread_c_add96be5__atomic_chk32_any</STRONG> (Thumb, 34 bytes, Stack size 0 bytes, rtx_thread.o(.emb_text))
<BR><BR>[Called By]<UL><LI><a href="#[232]">&gt;&gt;</a>&nbsp;&nbsp;&nbsp;ThreadFlagsCheck
</UL>

<P><STRONG><a name="[379]"></a>__asm___12_rtx_thread_c_add96be5__atomic_inc32</STRONG> (Thumb, 18 bytes, Stack size 0 bytes, rtx_thread.o(.emb_text), UNUSED)

<P><STRONG><a name="[37a]"></a>__asm___12_rtx_thread_c_add96be5__atomic_inc16_lt</STRONG> (Thumb, 30 bytes, Stack size 0 bytes, rtx_thread.o(.emb_text), UNUSED)

<P><STRONG><a name="[37b]"></a>__asm___12_rtx_thread_c_add96be5__atomic_inc16_lim</STRONG> (Thumb, 26 bytes, Stack size 0 bytes, rtx_thread.o(.emb_text), UNUSED)

<P><STRONG><a name="[37c]"></a>__asm___12_rtx_thread_c_add96be5__atomic_dec32</STRONG> (Thumb, 18 bytes, Stack size 0 bytes, rtx_thread.o(.emb_text), UNUSED)

<P><STRONG><a name="[37d]"></a>__asm___12_rtx_thread_c_add96be5__atomic_dec32_nz</STRONG> (Thumb, 26 bytes, Stack size 0 bytes, rtx_thread.o(.emb_text), UNUSED)

<P><STRONG><a name="[37e]"></a>__asm___12_rtx_thread_c_add96be5__atomic_dec16_nz</STRONG> (Thumb, 26 bytes, Stack size 0 bytes, rtx_thread.o(.emb_text), UNUSED)

<P><STRONG><a name="[37f]"></a>__asm___12_rtx_thread_c_add96be5__atomic_link_get</STRONG> (Thumb, 26 bytes, Stack size 0 bytes, rtx_thread.o(.emb_text), UNUSED)

<P><STRONG><a name="[dc]"></a>__asm___12_rtx_thread_c_add96be5__atomic_link_put</STRONG> (Thumb, 28 bytes, Stack size 0 bytes, rtx_thread.o(.emb_text), UNUSED)
<BR><BR>[Calls]<UL><LI><a href="#[dc]">&gt;&gt;</a>&nbsp;&nbsp;&nbsp;__asm___12_rtx_thread_c_add96be5__atomic_link_put
</UL>
<BR>[Called By]<UL><LI><a href="#[dc]">&gt;&gt;</a>&nbsp;&nbsp;&nbsp;__asm___12_rtx_thread_c_add96be5__atomic_link_put
</UL>

<P><STRONG><a name="[2a3]"></a>__asm___15_EventRecorder_c_e8d3082c__atomic_inc8</STRONG> (Thumb, 18 bytes, Stack size 0 bytes, eventrecorder.o(.emb_text))
<BR><BR>[Called By]<UL><LI><a href="#[135]">&gt;&gt;</a>&nbsp;&nbsp;&nbsp;EventRecordData
<LI><a href="#[129]">&gt;&gt;</a>&nbsp;&nbsp;&nbsp;EventRecord4
</UL>

<P><STRONG><a name="[294]"></a>__asm___15_EventRecorder_c_e8d3082c__atomic_inc32</STRONG> (Thumb, 18 bytes, Stack size 0 bytes, eventrecorder.o(.emb_text))
<BR><BR>[Called By]<UL><LI><a href="#[293]">&gt;&gt;</a>&nbsp;&nbsp;&nbsp;EventRecordItem
</UL>

<P><STRONG><a name="[299]"></a>__asm___15_EventRecorder_c_e8d3082c__atomic_wr8</STRONG> (Thumb, 16 bytes, Stack size 0 bytes, eventrecorder.o(.emb_text))
<BR><BR>[Called By]<UL><LI><a href="#[297]">&gt;&gt;</a>&nbsp;&nbsp;&nbsp;EventGetTS
</UL>

<P><STRONG><a name="[29a]"></a>__asm___15_EventRecorder_c_e8d3082c__atomic_wr32</STRONG> (Thumb, 16 bytes, Stack size 0 bytes, eventrecorder.o(.emb_text))
<BR><BR>[Called By]<UL><LI><a href="#[297]">&gt;&gt;</a>&nbsp;&nbsp;&nbsp;EventGetTS
</UL>

<P><STRONG><a name="[295]"></a>__asm___15_EventRecorder_c_e8d3082c__LockRecord</STRONG> (Thumb, 34 bytes, Stack size 0 bytes, eventrecorder.o(.emb_text))
<BR><BR>[Called By]<UL><LI><a href="#[293]">&gt;&gt;</a>&nbsp;&nbsp;&nbsp;EventRecordItem
</UL>

<P><STRONG><a name="[296]"></a>__asm___15_EventRecorder_c_e8d3082c__UnlockRecord</STRONG> (Thumb, 30 bytes, Stack size 0 bytes, eventrecorder.o(.emb_text))
<BR><BR>[Called By]<UL><LI><a href="#[293]">&gt;&gt;</a>&nbsp;&nbsp;&nbsp;EventRecordItem
</UL>

<P><STRONG><a name="[dd]"></a>HAL_GetTick</STRONG> (Thumb, 66 bytes, Stack size 8 bytes, main.o(.text))
<BR><BR>[Stack]<UL><LI>Max Depth = 96<LI>Call Chain = HAL_GetTick &rArr; osKernelGetTickCount &rArr; svcRtxKernelGetTickCount &rArr; EvrRtxKernelGetTickCount &rArr; EventRecord2 &rArr; EventRecordItem
</UL>
<BR>[Calls]<UL><LI><a href="#[df]">&gt;&gt;</a>&nbsp;&nbsp;&nbsp;osKernelGetTickCount
<LI><a href="#[de]">&gt;&gt;</a>&nbsp;&nbsp;&nbsp;osKernelGetState
</UL>
<BR>[Called By]<UL><LI><a href="#[2c5]">&gt;&gt;</a>&nbsp;&nbsp;&nbsp;HAL_RCC_DeInit
<LI><a href="#[2c4]">&gt;&gt;</a>&nbsp;&nbsp;&nbsp;HAL_RCCEx_DisablePLLSAI
<LI><a href="#[2c3]">&gt;&gt;</a>&nbsp;&nbsp;&nbsp;HAL_RCCEx_EnablePLLSAI
<LI><a href="#[2c2]">&gt;&gt;</a>&nbsp;&nbsp;&nbsp;HAL_RCCEx_DisablePLLI2S
<LI><a href="#[2c1]">&gt;&gt;</a>&nbsp;&nbsp;&nbsp;HAL_RCCEx_EnablePLLI2S
<LI><a href="#[2b7]">&gt;&gt;</a>&nbsp;&nbsp;&nbsp;HAL_DMA_PollForTransfer
<LI><a href="#[10a]">&gt;&gt;</a>&nbsp;&nbsp;&nbsp;HAL_RCCEx_PeriphCLKConfig
<LI><a href="#[e2]">&gt;&gt;</a>&nbsp;&nbsp;&nbsp;HAL_RCC_OscConfig
<LI><a href="#[e3]">&gt;&gt;</a>&nbsp;&nbsp;&nbsp;HAL_RCC_ClockConfig
<LI><a href="#[27c]">&gt;&gt;</a>&nbsp;&nbsp;&nbsp;HAL_Delay
<LI><a href="#[26d]">&gt;&gt;</a>&nbsp;&nbsp;&nbsp;HAL_DMA_Init
<LI><a href="#[272]">&gt;&gt;</a>&nbsp;&nbsp;&nbsp;HAL_DMA_Abort
<LI><a href="#[277]">&gt;&gt;</a>&nbsp;&nbsp;&nbsp;I2C_MasterReceive
<LI><a href="#[275]">&gt;&gt;</a>&nbsp;&nbsp;&nbsp;I2C_MasterTransmit
<LI><a href="#[26a]">&gt;&gt;</a>&nbsp;&nbsp;&nbsp;PHY_Write
<LI><a href="#[269]">&gt;&gt;</a>&nbsp;&nbsp;&nbsp;PHY_Read
</UL>

<P><STRONG><a name="[64]"></a>main</STRONG> (Thumb, 34 bytes, Stack size 0 bytes, main.o(.text))
<BR><BR>[Stack]<UL><LI>Max Depth = 256<LI>Call Chain = main &rArr; HAL_Init &rArr; HAL_MspInit &rArr; HAL_RCCEx_PeriphCLKConfig &rArr; HAL_GetTick &rArr; osKernelGetTickCount &rArr; svcRtxKernelGetTickCount &rArr; EvrRtxKernelGetTickCount &rArr; EventRecord2 &rArr; EventRecordItem
</UL>
<BR>[Calls]<UL><LI><a href="#[eb]">&gt;&gt;</a>&nbsp;&nbsp;&nbsp;osKernelStart
<LI><a href="#[e7]">&gt;&gt;</a>&nbsp;&nbsp;&nbsp;osKernelInitialize
<LI><a href="#[ea]">&gt;&gt;</a>&nbsp;&nbsp;&nbsp;initModTemp
<LI><a href="#[e8]">&gt;&gt;</a>&nbsp;&nbsp;&nbsp;initModLCD
<LI><a href="#[e6]">&gt;&gt;</a>&nbsp;&nbsp;&nbsp;SystemCoreClockUpdate
<LI><a href="#[e9]">&gt;&gt;</a>&nbsp;&nbsp;&nbsp;Init_Th_Temp_Test
<LI><a href="#[e5]">&gt;&gt;</a>&nbsp;&nbsp;&nbsp;HAL_Init
<LI><a href="#[e1]">&gt;&gt;</a>&nbsp;&nbsp;&nbsp;SystemClock_Config
</UL>
<BR>[Address Reference Count : 1]<UL><LI> entry9a.o(.ARM.Collect$$$$0000000B)
</UL>
<P><STRONG><a name="[ec]"></a>delay</STRONG> (Thumb, 80 bytes, Stack size 88 bytes, lcd.o(.text))
<BR><BR>[Stack]<UL><LI>Max Depth = 120<LI>Call Chain = delay &rArr; HAL_TIM_Base_Init &rArr; TIM_Base_SetConfig
</UL>
<BR>[Calls]<UL><LI><a href="#[ef]">&gt;&gt;</a>&nbsp;&nbsp;&nbsp;HAL_TIM_Base_Stop
<LI><a href="#[ee]">&gt;&gt;</a>&nbsp;&nbsp;&nbsp;HAL_TIM_Base_Start
<LI><a href="#[ed]">&gt;&gt;</a>&nbsp;&nbsp;&nbsp;HAL_TIM_Base_Init
<LI><a href="#[f0]">&gt;&gt;</a>&nbsp;&nbsp;&nbsp;HAL_TIM_Base_DeInit
</UL>
<BR>[Called By]<UL><LI><a href="#[f3]">&gt;&gt;</a>&nbsp;&nbsp;&nbsp;LCD_reset
</UL>

<P><STRONG><a name="[f1]"></a>mySPI_callback</STRONG> (Thumb, 30 bytes, Stack size 0 bytes, lcd.o(.text))
<BR><BR>[Stack]<UL><LI>Max Depth = 112<LI>Call Chain = mySPI_callback &rArr; osThreadFlagsSet &rArr; osRtxPostProcess &rArr; osRtxKernelErrorNotify &rArr; EvrRtxKernelErrorNotify &rArr; EventRecord2 &rArr; EventRecordItem
</UL>
<BR>[Calls]<UL><LI><a href="#[f2]">&gt;&gt;</a>&nbsp;&nbsp;&nbsp;osThreadFlagsSet
</UL>
<BR>[Address Reference Count : 1]<UL><LI> lcd.o(.text)
</UL>
<P><STRONG><a name="[f3]"></a>LCD_reset</STRONG> (Thumb, 204 bytes, Stack size 40 bytes, lcd.o(.text))
<BR><BR>[Stack]<UL><LI>Max Depth = 160<LI>Call Chain = LCD_reset &rArr; delay &rArr; HAL_TIM_Base_Init &rArr; TIM_Base_SetConfig
</UL>
<BR>[Calls]<UL><LI><a href="#[f5]">&gt;&gt;</a>&nbsp;&nbsp;&nbsp;HAL_GPIO_WritePin
<LI><a href="#[f4]">&gt;&gt;</a>&nbsp;&nbsp;&nbsp;HAL_GPIO_Init
<LI><a href="#[ec]">&gt;&gt;</a>&nbsp;&nbsp;&nbsp;delay
</UL>
<BR>[Called By]<UL><LI><a href="#[103]">&gt;&gt;</a>&nbsp;&nbsp;&nbsp;Thread_LCD
</UL>

<P><STRONG><a name="[f6]"></a>LCD_wr_data</STRONG> (Thumb, 64 bytes, Stack size 16 bytes, lcd.o(.text))
<BR><BR>[Stack]<UL><LI>Max Depth = 136<LI>Call Chain = LCD_wr_data &rArr; osThreadFlagsWait &rArr; EvrRtxThreadFlagsWait &rArr; EventRecord4 &rArr; EventRecordItem
</UL>
<BR>[Calls]<UL><LI><a href="#[f7]">&gt;&gt;</a>&nbsp;&nbsp;&nbsp;osThreadFlagsWait
<LI><a href="#[f5]">&gt;&gt;</a>&nbsp;&nbsp;&nbsp;HAL_GPIO_WritePin
</UL>
<BR>[Called By]<UL><LI><a href="#[fd]">&gt;&gt;</a>&nbsp;&nbsp;&nbsp;LCD_update_L2
<LI><a href="#[fc]">&gt;&gt;</a>&nbsp;&nbsp;&nbsp;LCD_update_L1
<LI><a href="#[f9]">&gt;&gt;</a>&nbsp;&nbsp;&nbsp;LCD_update
</UL>

<P><STRONG><a name="[f8]"></a>LCD_wr_cmd</STRONG> (Thumb, 64 bytes, Stack size 16 bytes, lcd.o(.text))
<BR><BR>[Stack]<UL><LI>Max Depth = 136<LI>Call Chain = LCD_wr_cmd &rArr; osThreadFlagsWait &rArr; EvrRtxThreadFlagsWait &rArr; EventRecord4 &rArr; EventRecordItem
</UL>
<BR>[Calls]<UL><LI><a href="#[f7]">&gt;&gt;</a>&nbsp;&nbsp;&nbsp;osThreadFlagsWait
<LI><a href="#[f5]">&gt;&gt;</a>&nbsp;&nbsp;&nbsp;HAL_GPIO_WritePin
</UL>
<BR>[Called By]<UL><LI><a href="#[fd]">&gt;&gt;</a>&nbsp;&nbsp;&nbsp;LCD_update_L2
<LI><a href="#[fc]">&gt;&gt;</a>&nbsp;&nbsp;&nbsp;LCD_update_L1
<LI><a href="#[fb]">&gt;&gt;</a>&nbsp;&nbsp;&nbsp;LCD_init
<LI><a href="#[f9]">&gt;&gt;</a>&nbsp;&nbsp;&nbsp;LCD_update
</UL>

<P><STRONG><a name="[fa]"></a>clearBuffer</STRONG> (Thumb, 20 bytes, Stack size 0 bytes, lcd.o(.text))
<BR><BR>[Called By]<UL><LI><a href="#[fe]">&gt;&gt;</a>&nbsp;&nbsp;&nbsp;LCD_symbolToLocalBuffer_L1
<LI><a href="#[fd]">&gt;&gt;</a>&nbsp;&nbsp;&nbsp;LCD_update_L2
<LI><a href="#[fc]">&gt;&gt;</a>&nbsp;&nbsp;&nbsp;LCD_update_L1
<LI><a href="#[fb]">&gt;&gt;</a>&nbsp;&nbsp;&nbsp;LCD_init
<LI><a href="#[f9]">&gt;&gt;</a>&nbsp;&nbsp;&nbsp;LCD_update
</UL>

<P><STRONG><a name="[f9]"></a>LCD_update</STRONG> (Thumb, 154 bytes, Stack size 16 bytes, lcd.o(.text))
<BR><BR>[Stack]<UL><LI>Max Depth = 152<LI>Call Chain = LCD_update &rArr; LCD_wr_cmd &rArr; osThreadFlagsWait &rArr; EvrRtxThreadFlagsWait &rArr; EventRecord4 &rArr; EventRecordItem
</UL>
<BR>[Calls]<UL><LI><a href="#[fa]">&gt;&gt;</a>&nbsp;&nbsp;&nbsp;clearBuffer
<LI><a href="#[f8]">&gt;&gt;</a>&nbsp;&nbsp;&nbsp;LCD_wr_cmd
<LI><a href="#[f6]">&gt;&gt;</a>&nbsp;&nbsp;&nbsp;LCD_wr_data
</UL>
<BR>[Called By]<UL><LI><a href="#[fb]">&gt;&gt;</a>&nbsp;&nbsp;&nbsp;LCD_init
</UL>

<P><STRONG><a name="[fb]"></a>LCD_init</STRONG> (Thumb, 84 bytes, Stack size 8 bytes, lcd.o(.text))
<BR><BR>[Stack]<UL><LI>Max Depth = 160<LI>Call Chain = LCD_init &rArr; LCD_update &rArr; LCD_wr_cmd &rArr; osThreadFlagsWait &rArr; EvrRtxThreadFlagsWait &rArr; EventRecord4 &rArr; EventRecordItem
</UL>
<BR>[Calls]<UL><LI><a href="#[f9]">&gt;&gt;</a>&nbsp;&nbsp;&nbsp;LCD_update
<LI><a href="#[fa]">&gt;&gt;</a>&nbsp;&nbsp;&nbsp;clearBuffer
<LI><a href="#[f8]">&gt;&gt;</a>&nbsp;&nbsp;&nbsp;LCD_wr_cmd
</UL>
<BR>[Called By]<UL><LI><a href="#[103]">&gt;&gt;</a>&nbsp;&nbsp;&nbsp;Thread_LCD
</UL>

<P><STRONG><a name="[fc]"></a>LCD_update_L1</STRONG> (Thumb, 80 bytes, Stack size 16 bytes, lcd.o(.text))
<BR><BR>[Stack]<UL><LI>Max Depth = 152<LI>Call Chain = LCD_update_L1 &rArr; LCD_wr_cmd &rArr; osThreadFlagsWait &rArr; EvrRtxThreadFlagsWait &rArr; EventRecord4 &rArr; EventRecordItem
</UL>
<BR>[Calls]<UL><LI><a href="#[fa]">&gt;&gt;</a>&nbsp;&nbsp;&nbsp;clearBuffer
<LI><a href="#[f8]">&gt;&gt;</a>&nbsp;&nbsp;&nbsp;LCD_wr_cmd
<LI><a href="#[f6]">&gt;&gt;</a>&nbsp;&nbsp;&nbsp;LCD_wr_data
</UL>
<BR>[Called By]<UL><LI><a href="#[103]">&gt;&gt;</a>&nbsp;&nbsp;&nbsp;Thread_LCD
</UL>

<P><STRONG><a name="[fd]"></a>LCD_update_L2</STRONG> (Thumb, 88 bytes, Stack size 16 bytes, lcd.o(.text))
<BR><BR>[Stack]<UL><LI>Max Depth = 152<LI>Call Chain = LCD_update_L2 &rArr; LCD_wr_cmd &rArr; osThreadFlagsWait &rArr; EvrRtxThreadFlagsWait &rArr; EventRecord4 &rArr; EventRecordItem
</UL>
<BR>[Calls]<UL><LI><a href="#[fa]">&gt;&gt;</a>&nbsp;&nbsp;&nbsp;clearBuffer
<LI><a href="#[f8]">&gt;&gt;</a>&nbsp;&nbsp;&nbsp;LCD_wr_cmd
<LI><a href="#[f6]">&gt;&gt;</a>&nbsp;&nbsp;&nbsp;LCD_wr_data
</UL>
<BR>[Called By]<UL><LI><a href="#[103]">&gt;&gt;</a>&nbsp;&nbsp;&nbsp;Thread_LCD
</UL>

<P><STRONG><a name="[fe]"></a>LCD_symbolToLocalBuffer_L1</STRONG> (Thumb, 68 bytes, Stack size 16 bytes, lcd.o(.text), UNUSED)
<BR><BR>[Calls]<UL><LI><a href="#[fa]">&gt;&gt;</a>&nbsp;&nbsp;&nbsp;clearBuffer
</UL>

<P><STRONG><a name="[380]"></a>LCD_symbolToLocalBuffer_L2</STRONG> (Thumb, 104 bytes, Stack size 20 bytes, lcd.o(.text), UNUSED)

<P><STRONG><a name="[100]"></a>LCD_symbolToLocalBuffer</STRONG> (Thumb, 110 bytes, Stack size 20 bytes, lcd.o(.text))
<BR><BR>[Stack]<UL><LI>Max Depth = 20<LI>Call Chain = LCD_symbolToLocalBuffer
</UL>
<BR>[Called By]<UL><LI><a href="#[ff]">&gt;&gt;</a>&nbsp;&nbsp;&nbsp;LCD_LineaToLocalBuffer
</UL>

<P><STRONG><a name="[ff]"></a>LCD_LineaToLocalBuffer</STRONG> (Thumb, 26 bytes, Stack size 16 bytes, lcd.o(.text))
<BR><BR>[Stack]<UL><LI>Max Depth = 36<LI>Call Chain = LCD_LineaToLocalBuffer &rArr; LCD_symbolToLocalBuffer
</UL>
<BR>[Calls]<UL><LI><a href="#[100]">&gt;&gt;</a>&nbsp;&nbsp;&nbsp;LCD_symbolToLocalBuffer
</UL>
<BR>[Called By]<UL><LI><a href="#[103]">&gt;&gt;</a>&nbsp;&nbsp;&nbsp;Thread_LCD
</UL>

<P><STRONG><a name="[101]"></a>Init_MsgQueue_LCD</STRONG> (Thumb, 18 bytes, Stack size 8 bytes, lcd.o(.text))
<BR><BR>[Stack]<UL><LI>Max Depth = 128<LI>Call Chain = Init_MsgQueue_LCD &rArr; osMessageQueueNew &rArr; EvrRtxMessageQueueNew &rArr; EventRecord4 &rArr; EventRecordItem
</UL>
<BR>[Calls]<UL><LI><a href="#[102]">&gt;&gt;</a>&nbsp;&nbsp;&nbsp;osMessageQueueNew
</UL>
<BR>[Called By]<UL><LI><a href="#[e8]">&gt;&gt;</a>&nbsp;&nbsp;&nbsp;initModLCD
</UL>

<P><STRONG><a name="[103]"></a>Thread_LCD</STRONG> (Thumb, 64 bytes, Stack size 32 bytes, lcd.o(.text))
<BR><BR>[Stack]<UL><LI>Max Depth = 192<LI>Call Chain = Thread_LCD &rArr; LCD_init &rArr; LCD_update &rArr; LCD_wr_cmd &rArr; osThreadFlagsWait &rArr; EvrRtxThreadFlagsWait &rArr; EventRecord4 &rArr; EventRecordItem
</UL>
<BR>[Calls]<UL><LI><a href="#[104]">&gt;&gt;</a>&nbsp;&nbsp;&nbsp;osMessageQueueGet
<LI><a href="#[ff]">&gt;&gt;</a>&nbsp;&nbsp;&nbsp;LCD_LineaToLocalBuffer
<LI><a href="#[fd]">&gt;&gt;</a>&nbsp;&nbsp;&nbsp;LCD_update_L2
<LI><a href="#[fc]">&gt;&gt;</a>&nbsp;&nbsp;&nbsp;LCD_update_L1
<LI><a href="#[fb]">&gt;&gt;</a>&nbsp;&nbsp;&nbsp;LCD_init
<LI><a href="#[f3]">&gt;&gt;</a>&nbsp;&nbsp;&nbsp;LCD_reset
</UL>
<BR>[Address Reference Count : 1]<UL><LI> lcd.o(.text)
</UL>
<P><STRONG><a name="[105]"></a>Init_Thread_LCD</STRONG> (Thumb, 20 bytes, Stack size 8 bytes, lcd.o(.text))
<BR><BR>[Stack]<UL><LI>Max Depth = 128<LI>Call Chain = Init_Thread_LCD &rArr; osThreadNew &rArr; EvrRtxThreadNew &rArr; EventRecord4 &rArr; EventRecordItem
</UL>
<BR>[Calls]<UL><LI><a href="#[106]">&gt;&gt;</a>&nbsp;&nbsp;&nbsp;osThreadNew
</UL>
<BR>[Called By]<UL><LI><a href="#[e8]">&gt;&gt;</a>&nbsp;&nbsp;&nbsp;initModLCD
</UL>

<P><STRONG><a name="[381]"></a>getModLCDQueueID</STRONG> (Thumb, 6 bytes, Stack size 0 bytes, lcd.o(.text), UNUSED)

<P><STRONG><a name="[e8]"></a>initModLCD</STRONG> (Thumb, 12 bytes, Stack size 8 bytes, lcd.o(.text))
<BR><BR>[Stack]<UL><LI>Max Depth = 136<LI>Call Chain = initModLCD &rArr; Init_Thread_LCD &rArr; osThreadNew &rArr; EvrRtxThreadNew &rArr; EventRecord4 &rArr; EventRecordItem
</UL>
<BR>[Calls]<UL><LI><a href="#[105]">&gt;&gt;</a>&nbsp;&nbsp;&nbsp;Init_Thread_LCD
<LI><a href="#[101]">&gt;&gt;</a>&nbsp;&nbsp;&nbsp;Init_MsgQueue_LCD
</UL>
<BR>[Called By]<UL><LI><a href="#[64]">&gt;&gt;</a>&nbsp;&nbsp;&nbsp;main
</UL>

<P><STRONG><a name="[107]"></a>Error_Handler</STRONG> (Thumb, 2 bytes, Stack size 0 bytes, stm32f4xx_hal_msp.o(.text))
<BR><BR>[Calls]<UL><LI><a href="#[107]">&gt;&gt;</a>&nbsp;&nbsp;&nbsp;Error_Handler
</UL>
<BR>[Called By]<UL><LI><a href="#[108]">&gt;&gt;</a>&nbsp;&nbsp;&nbsp;HAL_MspInit
<LI><a href="#[107]">&gt;&gt;</a>&nbsp;&nbsp;&nbsp;Error_Handler
</UL>

<P><STRONG><a name="[108]"></a>HAL_MspInit</STRONG> (Thumb, 86 bytes, Stack size 112 bytes, stm32f4xx_hal_msp.o(.text))
<BR><BR>[Stack]<UL><LI>Max Depth = 248<LI>Call Chain = HAL_MspInit &rArr; HAL_RCCEx_PeriphCLKConfig &rArr; HAL_GetTick &rArr; osKernelGetTickCount &rArr; svcRtxKernelGetTickCount &rArr; EvrRtxKernelGetTickCount &rArr; EventRecord2 &rArr; EventRecordItem
</UL>
<BR>[Calls]<UL><LI><a href="#[10a]">&gt;&gt;</a>&nbsp;&nbsp;&nbsp;HAL_RCCEx_PeriphCLKConfig
<LI><a href="#[109]">&gt;&gt;</a>&nbsp;&nbsp;&nbsp;HAL_PWR_EnableBkUpAccess
<LI><a href="#[107]">&gt;&gt;</a>&nbsp;&nbsp;&nbsp;Error_Handler
<LI><a href="#[e2]">&gt;&gt;</a>&nbsp;&nbsp;&nbsp;HAL_RCC_OscConfig
</UL>
<BR>[Called By]<UL><LI><a href="#[e5]">&gt;&gt;</a>&nbsp;&nbsp;&nbsp;HAL_Init
</UL>

<P><STRONG><a name="[10b]"></a>HAL_MspDeInit</STRONG> (Thumb, 26 bytes, Stack size 8 bytes, stm32f4xx_hal_msp.o(.text), UNUSED)
<BR><BR>[Calls]<UL><LI><a href="#[10c]">&gt;&gt;</a>&nbsp;&nbsp;&nbsp;HAL_PWR_DisableBkUpAccess
</UL>
<BR>[Called By]<UL><LI><a href="#[2ad]">&gt;&gt;</a>&nbsp;&nbsp;&nbsp;HAL_DeInit
</UL>

<P><STRONG><a name="[1]"></a>NMI_Handler</STRONG> (Thumb, 2 bytes, Stack size 0 bytes, stm32f4xx_it.o(.text))
<BR>[Address Reference Count : 1]<UL><LI> startup_stm32f429xx.o(RESET)
</UL>
<P><STRONG><a name="[2]"></a>HardFault_Handler</STRONG> (Thumb, 2 bytes, Stack size 0 bytes, stm32f4xx_it.o(.text))
<BR><BR>[Calls]<UL><LI><a href="#[2]">&gt;&gt;</a>&nbsp;&nbsp;&nbsp;HardFault_Handler
</UL>
<BR>[Called By]<UL><LI><a href="#[2]">&gt;&gt;</a>&nbsp;&nbsp;&nbsp;HardFault_Handler
</UL>
<BR>[Address Reference Count : 1]<UL><LI> startup_stm32f429xx.o(RESET)
</UL>
<P><STRONG><a name="[3]"></a>MemManage_Handler</STRONG> (Thumb, 2 bytes, Stack size 0 bytes, stm32f4xx_it.o(.text))
<BR><BR>[Calls]<UL><LI><a href="#[3]">&gt;&gt;</a>&nbsp;&nbsp;&nbsp;MemManage_Handler
</UL>
<BR>[Called By]<UL><LI><a href="#[3]">&gt;&gt;</a>&nbsp;&nbsp;&nbsp;MemManage_Handler
</UL>
<BR>[Address Reference Count : 1]<UL><LI> startup_stm32f429xx.o(RESET)
</UL>
<P><STRONG><a name="[4]"></a>BusFault_Handler</STRONG> (Thumb, 2 bytes, Stack size 0 bytes, stm32f4xx_it.o(.text))
<BR><BR>[Calls]<UL><LI><a href="#[4]">&gt;&gt;</a>&nbsp;&nbsp;&nbsp;BusFault_Handler
</UL>
<BR>[Called By]<UL><LI><a href="#[4]">&gt;&gt;</a>&nbsp;&nbsp;&nbsp;BusFault_Handler
</UL>
<BR>[Address Reference Count : 1]<UL><LI> startup_stm32f429xx.o(RESET)
</UL>
<P><STRONG><a name="[5]"></a>UsageFault_Handler</STRONG> (Thumb, 2 bytes, Stack size 0 bytes, stm32f4xx_it.o(.text))
<BR><BR>[Calls]<UL><LI><a href="#[5]">&gt;&gt;</a>&nbsp;&nbsp;&nbsp;UsageFault_Handler
</UL>
<BR>[Called By]<UL><LI><a href="#[5]">&gt;&gt;</a>&nbsp;&nbsp;&nbsp;UsageFault_Handler
</UL>
<BR>[Address Reference Count : 1]<UL><LI> startup_stm32f429xx.o(RESET)
</UL>
<P><STRONG><a name="[7]"></a>DebugMon_Handler</STRONG> (Thumb, 2 bytes, Stack size 0 bytes, stm32f4xx_it.o(.text))
<BR>[Address Reference Count : 1]<UL><LI> startup_stm32f429xx.o(RESET)
</UL>
<P><STRONG><a name="[10d]"></a>I2C_SignalEvent_TEMP</STRONG> (Thumb, 16 bytes, Stack size 0 bytes, temp.o(.text))
<BR><BR>[Stack]<UL><LI>Max Depth = 112<LI>Call Chain = I2C_SignalEvent_TEMP &rArr; osThreadFlagsSet &rArr; osRtxPostProcess &rArr; osRtxKernelErrorNotify &rArr; EvrRtxKernelErrorNotify &rArr; EventRecord2 &rArr; EventRecordItem
</UL>
<BR>[Calls]<UL><LI><a href="#[f2]">&gt;&gt;</a>&nbsp;&nbsp;&nbsp;osThreadFlagsSet
</UL>
<BR>[Address Reference Count : 1]<UL><LI> temp.o(.text)
</UL>
<P><STRONG><a name="[119]"></a>initI2C</STRONG> (Thumb, 46 bytes, Stack size 8 bytes, temp.o(.text))
<BR><BR>[Stack]<UL><LI>Max Depth = 8<LI>Call Chain = initI2C
</UL>
<BR>[Called By]<UL><LI><a href="#[ea]">&gt;&gt;</a>&nbsp;&nbsp;&nbsp;initModTemp
</UL>

<P><STRONG><a name="[10e]"></a>read16</STRONG> (Thumb, 72 bytes, Stack size 24 bytes, temp.o(.text))
<BR><BR>[Stack]<UL><LI>Max Depth = 144<LI>Call Chain = read16 &rArr; osThreadFlagsWait &rArr; EvrRtxThreadFlagsWait &rArr; EventRecord4 &rArr; EventRecordItem
</UL>
<BR>[Calls]<UL><LI><a href="#[f7]">&gt;&gt;</a>&nbsp;&nbsp;&nbsp;osThreadFlagsWait
</UL>
<BR>[Called By]<UL><LI><a href="#[10f]">&gt;&gt;</a>&nbsp;&nbsp;&nbsp;temp
</UL>

<P><STRONG><a name="[10f]"></a>temp</STRONG> (Thumb, 42 bytes, Stack size 8 bytes, temp.o(.text))
<BR><BR>[Stack]<UL><LI>Max Depth = 152<LI>Call Chain = temp &rArr; read16 &rArr; osThreadFlagsWait &rArr; EvrRtxThreadFlagsWait &rArr; EventRecord4 &rArr; EventRecordItem
</UL>
<BR>[Calls]<UL><LI><a href="#[110]">&gt;&gt;</a>&nbsp;&nbsp;&nbsp;__aeabi_i2d
<LI><a href="#[112]">&gt;&gt;</a>&nbsp;&nbsp;&nbsp;__aeabi_d2f
<LI><a href="#[111]">&gt;&gt;</a>&nbsp;&nbsp;&nbsp;__ARM_scalbn
<LI><a href="#[10e]">&gt;&gt;</a>&nbsp;&nbsp;&nbsp;read16
</UL>
<BR>[Called By]<UL><LI><a href="#[114]">&gt;&gt;</a>&nbsp;&nbsp;&nbsp;Thread_Temp
</UL>

<P><STRONG><a name="[113]"></a>Init_MsgQueue_Temp</STRONG> (Thumb, 18 bytes, Stack size 8 bytes, temp.o(.text))
<BR><BR>[Stack]<UL><LI>Max Depth = 128<LI>Call Chain = Init_MsgQueue_Temp &rArr; osMessageQueueNew &rArr; EvrRtxMessageQueueNew &rArr; EventRecord4 &rArr; EventRecordItem
</UL>
<BR>[Calls]<UL><LI><a href="#[102]">&gt;&gt;</a>&nbsp;&nbsp;&nbsp;osMessageQueueNew
</UL>
<BR>[Called By]<UL><LI><a href="#[ea]">&gt;&gt;</a>&nbsp;&nbsp;&nbsp;initModTemp
</UL>

<P><STRONG><a name="[382]"></a>getMsgTempID</STRONG> (Thumb, 6 bytes, Stack size 0 bytes, temp.o(.text), UNUSED)

<P><STRONG><a name="[114]"></a>Thread_Temp</STRONG> (Thumb, 38 bytes, Stack size 8 bytes, temp.o(.text))
<BR><BR>[Stack]<UL><LI>Max Depth = 160<LI>Call Chain = Thread_Temp &rArr; temp &rArr; read16 &rArr; osThreadFlagsWait &rArr; EvrRtxThreadFlagsWait &rArr; EventRecord4 &rArr; EventRecordItem
</UL>
<BR>[Calls]<UL><LI><a href="#[117]">&gt;&gt;</a>&nbsp;&nbsp;&nbsp;osThreadYield
<LI><a href="#[115]">&gt;&gt;</a>&nbsp;&nbsp;&nbsp;osMessageQueuePut
<LI><a href="#[116]">&gt;&gt;</a>&nbsp;&nbsp;&nbsp;osDelay
<LI><a href="#[10f]">&gt;&gt;</a>&nbsp;&nbsp;&nbsp;temp
</UL>
<BR>[Address Reference Count : 1]<UL><LI> temp.o(.text)
</UL>
<P><STRONG><a name="[118]"></a>Init_Thread_Temperatura</STRONG> (Thumb, 20 bytes, Stack size 8 bytes, temp.o(.text))
<BR><BR>[Stack]<UL><LI>Max Depth = 128<LI>Call Chain = Init_Thread_Temperatura &rArr; osThreadNew &rArr; EvrRtxThreadNew &rArr; EventRecord4 &rArr; EventRecordItem
</UL>
<BR>[Calls]<UL><LI><a href="#[106]">&gt;&gt;</a>&nbsp;&nbsp;&nbsp;osThreadNew
</UL>
<BR>[Called By]<UL><LI><a href="#[ea]">&gt;&gt;</a>&nbsp;&nbsp;&nbsp;initModTemp
</UL>

<P><STRONG><a name="[383]"></a>getModTempID</STRONG> (Thumb, 6 bytes, Stack size 0 bytes, temp.o(.text), UNUSED)

<P><STRONG><a name="[ea]"></a>initModTemp</STRONG> (Thumb, 16 bytes, Stack size 8 bytes, temp.o(.text))
<BR><BR>[Stack]<UL><LI>Max Depth = 136<LI>Call Chain = initModTemp &rArr; Init_Thread_Temperatura &rArr; osThreadNew &rArr; EvrRtxThreadNew &rArr; EventRecord4 &rArr; EventRecordItem
</UL>
<BR>[Calls]<UL><LI><a href="#[118]">&gt;&gt;</a>&nbsp;&nbsp;&nbsp;Init_Thread_Temperatura
<LI><a href="#[113]">&gt;&gt;</a>&nbsp;&nbsp;&nbsp;Init_MsgQueue_Temp
<LI><a href="#[119]">&gt;&gt;</a>&nbsp;&nbsp;&nbsp;initI2C
</UL>
<BR>[Called By]<UL><LI><a href="#[64]">&gt;&gt;</a>&nbsp;&nbsp;&nbsp;main
</UL>

<P><STRONG><a name="[11a]"></a>Th_Temp_Test</STRONG> (Thumb, 50 bytes, Stack size 8 bytes, temp.o(.text))
<BR><BR>[Stack]<UL><LI>Max Depth = 128<LI>Call Chain = Th_Temp_Test &rArr; osMessageQueueGet &rArr; EvrRtxMessageQueueGet &rArr; EventRecord4 &rArr; EventRecordItem
</UL>
<BR>[Calls]<UL><LI><a href="#[117]">&gt;&gt;</a>&nbsp;&nbsp;&nbsp;osThreadYield
<LI><a href="#[11b]">&gt;&gt;</a>&nbsp;&nbsp;&nbsp;__aeabi_f2d
<LI><a href="#[104]">&gt;&gt;</a>&nbsp;&nbsp;&nbsp;osMessageQueueGet
<LI><a href="#[11c]">&gt;&gt;</a>&nbsp;&nbsp;&nbsp;__2printf
</UL>
<BR>[Address Reference Count : 1]<UL><LI> temp.o(.text)
</UL>
<P><STRONG><a name="[e9]"></a>Init_Th_Temp_Test</STRONG> (Thumb, 20 bytes, Stack size 8 bytes, temp.o(.text))
<BR><BR>[Stack]<UL><LI>Max Depth = 128<LI>Call Chain = Init_Th_Temp_Test &rArr; osThreadNew &rArr; EvrRtxThreadNew &rArr; EventRecord4 &rArr; EventRecordItem
</UL>
<BR>[Calls]<UL><LI><a href="#[106]">&gt;&gt;</a>&nbsp;&nbsp;&nbsp;osThreadNew
</UL>
<BR>[Called By]<UL><LI><a href="#[64]">&gt;&gt;</a>&nbsp;&nbsp;&nbsp;main
</UL>

<P><STRONG><a name="[6]"></a>SVC_Handler</STRONG> (Thumb, 108 bytes, Stack size 0 bytes, irq_armv7m.o(.text))
<BR>[Address Reference Count : 1]<UL><LI> startup_stm32f429xx.o(RESET)
</UL>
<P><STRONG><a name="[8]"></a>PendSV_Handler</STRONG> (Thumb, 16 bytes, Stack size 0 bytes, irq_armv7m.o(.text))
<BR><BR>[Stack]<UL><LI>Max Depth = 96<LI>Call Chain = PendSV_Handler &rArr; osRtxPendSV_Handler &rArr; osRtxThreadDispatch &rArr; osRtxThreadBlock &rArr; EvrRtxThreadPreempted &rArr; EventRecord2 &rArr; EventRecordItem
</UL>
<BR>[Calls]<UL><LI><a href="#[11d]">&gt;&gt;</a>&nbsp;&nbsp;&nbsp;osRtxPendSV_Handler
</UL>
<BR>[Address Reference Count : 1]<UL><LI> startup_stm32f429xx.o(RESET)
</UL>
<P><STRONG><a name="[9]"></a>SysTick_Handler</STRONG> (Thumb, 16 bytes, Stack size 0 bytes, irq_armv7m.o(.text))
<BR><BR>[Stack]<UL><LI>Max Depth = 104<LI>Call Chain = SysTick_Handler &rArr; osRtxTick_Handler &rArr; osRtxThreadDispatch &rArr; osRtxThreadBlock &rArr; EvrRtxThreadPreempted &rArr; EventRecord2 &rArr; EventRecordItem
</UL>
<BR>[Calls]<UL><LI><a href="#[11e]">&gt;&gt;</a>&nbsp;&nbsp;&nbsp;osRtxTick_Handler
</UL>
<BR>[Address Reference Count : 2]<UL><LI> rtx_kernel.o(.text)
<LI> startup_stm32f429xx.o(RESET)
</UL>
<P><STRONG><a name="[116]"></a>osDelay</STRONG> (Thumb, 46 bytes, Stack size 8 bytes, rtx_delay.o(.text))
<BR><BR>[Stack]<UL><LI>Max Depth = 80<LI>Call Chain = osDelay &rArr; EvrRtxDelayError &rArr; EventRecord2 &rArr; EventRecordItem
</UL>
<BR>[Calls]<UL><LI><a href="#[121]">&gt;&gt;</a>&nbsp;&nbsp;&nbsp;EvrRtxDelayError
<LI><a href="#[123]">&gt;&gt;</a>&nbsp;&nbsp;&nbsp;EvrRtxDelay
<LI><a href="#[125]">&gt;&gt;</a>&nbsp;&nbsp;&nbsp;IsIrqMasked
<LI><a href="#[124]">&gt;&gt;</a>&nbsp;&nbsp;&nbsp;IsException
</UL>
<BR>[Called By]<UL><LI><a href="#[114]">&gt;&gt;</a>&nbsp;&nbsp;&nbsp;Thread_Temp
</UL>

<P><STRONG><a name="[126]"></a>osDelayUntil</STRONG> (Thumb, 46 bytes, Stack size 8 bytes, rtx_delay.o(.text), UNUSED)
<BR><BR>[Calls]<UL><LI><a href="#[127]">&gt;&gt;</a>&nbsp;&nbsp;&nbsp;EvrRtxDelayUntil
<LI><a href="#[121]">&gt;&gt;</a>&nbsp;&nbsp;&nbsp;EvrRtxDelayError
<LI><a href="#[125]">&gt;&gt;</a>&nbsp;&nbsp;&nbsp;IsIrqMasked
<LI><a href="#[124]">&gt;&gt;</a>&nbsp;&nbsp;&nbsp;IsException
</UL>

<P><STRONG><a name="[128]"></a>EvrRtxMemoryInit</STRONG> (Thumb, 24 bytes, Stack size 16 bytes, rtx_evr.o(.text))
<BR><BR>[Stack]<UL><LI>Max Depth = 104<LI>Call Chain = EvrRtxMemoryInit &rArr; EventRecord4 &rArr; EventRecordItem
</UL>
<BR>[Calls]<UL><LI><a href="#[129]">&gt;&gt;</a>&nbsp;&nbsp;&nbsp;EventRecord4
</UL>
<BR>[Called By]<UL><LI><a href="#[1d6]">&gt;&gt;</a>&nbsp;&nbsp;&nbsp;osRtxMemoryInit
</UL>

<P><STRONG><a name="[12a]"></a>EvrRtxMemoryAlloc</STRONG> (Thumb, 18 bytes, Stack size 8 bytes, rtx_evr.o(.text))
<BR><BR>[Stack]<UL><LI>Max Depth = 96<LI>Call Chain = EvrRtxMemoryAlloc &rArr; EventRecord4 &rArr; EventRecordItem
</UL>
<BR>[Calls]<UL><LI><a href="#[129]">&gt;&gt;</a>&nbsp;&nbsp;&nbsp;EventRecord4
</UL>
<BR>[Called By]<UL><LI><a href="#[1f4]">&gt;&gt;</a>&nbsp;&nbsp;&nbsp;osRtxMemoryAlloc
</UL>

<P><STRONG><a name="[12b]"></a>EvrRtxMemoryFree</STRONG> (Thumb, 24 bytes, Stack size 16 bytes, rtx_evr.o(.text))
<BR><BR>[Stack]<UL><LI>Max Depth = 104<LI>Call Chain = EvrRtxMemoryFree &rArr; EventRecord4 &rArr; EventRecordItem
</UL>
<BR>[Calls]<UL><LI><a href="#[129]">&gt;&gt;</a>&nbsp;&nbsp;&nbsp;EventRecord4
</UL>
<BR>[Called By]<UL><LI><a href="#[1f5]">&gt;&gt;</a>&nbsp;&nbsp;&nbsp;osRtxMemoryFree
</UL>

<P><STRONG><a name="[12c]"></a>EvrRtxMemoryBlockInit</STRONG> (Thumb, 20 bytes, Stack size 8 bytes, rtx_evr.o(.text))
<BR><BR>[Stack]<UL><LI>Max Depth = 96<LI>Call Chain = EvrRtxMemoryBlockInit &rArr; EventRecord4 &rArr; EventRecordItem
</UL>
<BR>[Calls]<UL><LI><a href="#[129]">&gt;&gt;</a>&nbsp;&nbsp;&nbsp;EventRecord4
</UL>
<BR>[Called By]<UL><LI><a href="#[1d7]">&gt;&gt;</a>&nbsp;&nbsp;&nbsp;osRtxMemoryPoolInit
</UL>

<P><STRONG><a name="[12d]"></a>EvrRtxMemoryBlockAlloc</STRONG> (Thumb, 12 bytes, Stack size 0 bytes, rtx_evr.o(.text))
<BR><BR>[Stack]<UL><LI>Max Depth = 72<LI>Call Chain = EvrRtxMemoryBlockAlloc &rArr; EventRecord2 &rArr; EventRecordItem
</UL>
<BR>[Calls]<UL><LI><a href="#[12e]">&gt;&gt;</a>&nbsp;&nbsp;&nbsp;EventRecord2
</UL>
<BR>[Called By]<UL><LI><a href="#[1f6]">&gt;&gt;</a>&nbsp;&nbsp;&nbsp;osRtxMemoryPoolAlloc
</UL>

<P><STRONG><a name="[12f]"></a>EvrRtxMemoryBlockFree</STRONG> (Thumb, 24 bytes, Stack size 16 bytes, rtx_evr.o(.text))
<BR><BR>[Stack]<UL><LI>Max Depth = 104<LI>Call Chain = EvrRtxMemoryBlockFree &rArr; EventRecord4 &rArr; EventRecordItem
</UL>
<BR>[Calls]<UL><LI><a href="#[129]">&gt;&gt;</a>&nbsp;&nbsp;&nbsp;EventRecord4
</UL>
<BR>[Called By]<UL><LI><a href="#[1f9]">&gt;&gt;</a>&nbsp;&nbsp;&nbsp;osRtxMemoryPoolFree
</UL>

<P><STRONG><a name="[130]"></a>EvrRtxKernelError</STRONG> (Thumb, 12 bytes, Stack size 0 bytes, rtx_evr.o(.text))
<BR><BR>[Stack]<UL><LI>Max Depth = 72<LI>Call Chain = EvrRtxKernelError &rArr; EventRecord2 &rArr; EventRecordItem
</UL>
<BR>[Calls]<UL><LI><a href="#[12e]">&gt;&gt;</a>&nbsp;&nbsp;&nbsp;EventRecord2
</UL>
<BR>[Called By]<UL><LI><a href="#[6e]">&gt;&gt;</a>&nbsp;&nbsp;&nbsp;svcRtxKernelSuspend
<LI><a href="#[6d]">&gt;&gt;</a>&nbsp;&nbsp;&nbsp;svcRtxKernelRestoreLock
<LI><a href="#[6c]">&gt;&gt;</a>&nbsp;&nbsp;&nbsp;svcRtxKernelUnlock
<LI><a href="#[6b]">&gt;&gt;</a>&nbsp;&nbsp;&nbsp;svcRtxKernelLock
<LI><a href="#[6a]">&gt;&gt;</a>&nbsp;&nbsp;&nbsp;svcRtxKernelStart
<LI><a href="#[67]">&gt;&gt;</a>&nbsp;&nbsp;&nbsp;svcRtxKernelInitialize
<LI><a href="#[eb]">&gt;&gt;</a>&nbsp;&nbsp;&nbsp;osKernelStart
<LI><a href="#[e7]">&gt;&gt;</a>&nbsp;&nbsp;&nbsp;osKernelInitialize
<LI><a href="#[1ef]">&gt;&gt;</a>&nbsp;&nbsp;&nbsp;osKernelResume
<LI><a href="#[1ee]">&gt;&gt;</a>&nbsp;&nbsp;&nbsp;osKernelSuspend
<LI><a href="#[1ed]">&gt;&gt;</a>&nbsp;&nbsp;&nbsp;osKernelRestoreLock
<LI><a href="#[1ec]">&gt;&gt;</a>&nbsp;&nbsp;&nbsp;osKernelUnlock
<LI><a href="#[1eb]">&gt;&gt;</a>&nbsp;&nbsp;&nbsp;osKernelLock
</UL>

<P><STRONG><a name="[131]"></a>EvrRtxKernelInitialize</STRONG> (Thumb, 10 bytes, Stack size 0 bytes, rtx_evr.o(.text))
<BR><BR>[Stack]<UL><LI>Max Depth = 72<LI>Call Chain = EvrRtxKernelInitialize &rArr; EventRecord2 &rArr; EventRecordItem
</UL>
<BR>[Calls]<UL><LI><a href="#[12e]">&gt;&gt;</a>&nbsp;&nbsp;&nbsp;EventRecord2
</UL>
<BR>[Called By]<UL><LI><a href="#[e7]">&gt;&gt;</a>&nbsp;&nbsp;&nbsp;osKernelInitialize
</UL>

<P><STRONG><a name="[132]"></a>EvrRtxKernelInitialized</STRONG> (Thumb, 10 bytes, Stack size 0 bytes, rtx_evr.o(.text))
<BR><BR>[Stack]<UL><LI>Max Depth = 72<LI>Call Chain = EvrRtxKernelInitialized &rArr; EventRecord2 &rArr; EventRecordItem
</UL>
<BR>[Calls]<UL><LI><a href="#[12e]">&gt;&gt;</a>&nbsp;&nbsp;&nbsp;EventRecord2
</UL>
<BR>[Called By]<UL><LI><a href="#[67]">&gt;&gt;</a>&nbsp;&nbsp;&nbsp;svcRtxKernelInitialize
</UL>

<P><STRONG><a name="[133]"></a>EvrRtxKernelGetInfo</STRONG> (Thumb, 24 bytes, Stack size 16 bytes, rtx_evr.o(.text), UNUSED)
<BR><BR>[Calls]<UL><LI><a href="#[129]">&gt;&gt;</a>&nbsp;&nbsp;&nbsp;EventRecord4
</UL>
<BR>[Called By]<UL><LI><a href="#[1ea]">&gt;&gt;</a>&nbsp;&nbsp;&nbsp;osKernelGetInfo
</UL>

<P><STRONG><a name="[134]"></a>EvrRtxKernelInfoRetrieved</STRONG> (Thumb, 40 bytes, Stack size 16 bytes, rtx_evr.o(.text))
<BR><BR>[Stack]<UL><LI>Max Depth = 112<LI>Call Chain = EvrRtxKernelInfoRetrieved &rArr; EventRecordData &rArr; EventRecordItem
</UL>
<BR>[Calls]<UL><LI><a href="#[135]">&gt;&gt;</a>&nbsp;&nbsp;&nbsp;EventRecordData
<LI><a href="#[12e]">&gt;&gt;</a>&nbsp;&nbsp;&nbsp;EventRecord2
</UL>
<BR>[Called By]<UL><LI><a href="#[68]">&gt;&gt;</a>&nbsp;&nbsp;&nbsp;svcRtxKernelGetInfo
</UL>

<P><STRONG><a name="[136]"></a>EvrRtxKernelStart</STRONG> (Thumb, 12 bytes, Stack size 0 bytes, rtx_evr.o(.text))
<BR><BR>[Stack]<UL><LI>Max Depth = 72<LI>Call Chain = EvrRtxKernelStart &rArr; EventRecord2 &rArr; EventRecordItem
</UL>
<BR>[Calls]<UL><LI><a href="#[12e]">&gt;&gt;</a>&nbsp;&nbsp;&nbsp;EventRecord2
</UL>
<BR>[Called By]<UL><LI><a href="#[eb]">&gt;&gt;</a>&nbsp;&nbsp;&nbsp;osKernelStart
</UL>

<P><STRONG><a name="[137]"></a>EvrRtxKernelStarted</STRONG> (Thumb, 12 bytes, Stack size 0 bytes, rtx_evr.o(.text))
<BR><BR>[Stack]<UL><LI>Max Depth = 72<LI>Call Chain = EvrRtxKernelStarted &rArr; EventRecord2 &rArr; EventRecordItem
</UL>
<BR>[Calls]<UL><LI><a href="#[12e]">&gt;&gt;</a>&nbsp;&nbsp;&nbsp;EventRecord2
</UL>
<BR>[Called By]<UL><LI><a href="#[6a]">&gt;&gt;</a>&nbsp;&nbsp;&nbsp;svcRtxKernelStart
</UL>

<P><STRONG><a name="[138]"></a>EvrRtxKernelLock</STRONG> (Thumb, 12 bytes, Stack size 0 bytes, rtx_evr.o(.text), UNUSED)
<BR><BR>[Calls]<UL><LI><a href="#[12e]">&gt;&gt;</a>&nbsp;&nbsp;&nbsp;EventRecord2
</UL>
<BR>[Called By]<UL><LI><a href="#[1eb]">&gt;&gt;</a>&nbsp;&nbsp;&nbsp;osKernelLock
</UL>

<P><STRONG><a name="[139]"></a>EvrRtxKernelLocked</STRONG> (Thumb, 12 bytes, Stack size 0 bytes, rtx_evr.o(.text))
<BR><BR>[Stack]<UL><LI>Max Depth = 72<LI>Call Chain = EvrRtxKernelLocked &rArr; EventRecord2 &rArr; EventRecordItem
</UL>
<BR>[Calls]<UL><LI><a href="#[12e]">&gt;&gt;</a>&nbsp;&nbsp;&nbsp;EventRecord2
</UL>
<BR>[Called By]<UL><LI><a href="#[6b]">&gt;&gt;</a>&nbsp;&nbsp;&nbsp;svcRtxKernelLock
</UL>

<P><STRONG><a name="[13a]"></a>EvrRtxKernelUnlock</STRONG> (Thumb, 12 bytes, Stack size 0 bytes, rtx_evr.o(.text), UNUSED)
<BR><BR>[Calls]<UL><LI><a href="#[12e]">&gt;&gt;</a>&nbsp;&nbsp;&nbsp;EventRecord2
</UL>
<BR>[Called By]<UL><LI><a href="#[1ec]">&gt;&gt;</a>&nbsp;&nbsp;&nbsp;osKernelUnlock
</UL>

<P><STRONG><a name="[13b]"></a>EvrRtxKernelUnlocked</STRONG> (Thumb, 12 bytes, Stack size 0 bytes, rtx_evr.o(.text))
<BR><BR>[Stack]<UL><LI>Max Depth = 72<LI>Call Chain = EvrRtxKernelUnlocked &rArr; EventRecord2 &rArr; EventRecordItem
</UL>
<BR>[Calls]<UL><LI><a href="#[12e]">&gt;&gt;</a>&nbsp;&nbsp;&nbsp;EventRecord2
</UL>
<BR>[Called By]<UL><LI><a href="#[6c]">&gt;&gt;</a>&nbsp;&nbsp;&nbsp;svcRtxKernelUnlock
</UL>

<P><STRONG><a name="[13c]"></a>EvrRtxKernelRestoreLock</STRONG> (Thumb, 12 bytes, Stack size 0 bytes, rtx_evr.o(.text), UNUSED)
<BR><BR>[Calls]<UL><LI><a href="#[12e]">&gt;&gt;</a>&nbsp;&nbsp;&nbsp;EventRecord2
</UL>
<BR>[Called By]<UL><LI><a href="#[1ed]">&gt;&gt;</a>&nbsp;&nbsp;&nbsp;osKernelRestoreLock
</UL>

<P><STRONG><a name="[13d]"></a>EvrRtxKernelLockRestored</STRONG> (Thumb, 12 bytes, Stack size 0 bytes, rtx_evr.o(.text))
<BR><BR>[Stack]<UL><LI>Max Depth = 72<LI>Call Chain = EvrRtxKernelLockRestored &rArr; EventRecord2 &rArr; EventRecordItem
</UL>
<BR>[Calls]<UL><LI><a href="#[12e]">&gt;&gt;</a>&nbsp;&nbsp;&nbsp;EventRecord2
</UL>
<BR>[Called By]<UL><LI><a href="#[6d]">&gt;&gt;</a>&nbsp;&nbsp;&nbsp;svcRtxKernelRestoreLock
</UL>

<P><STRONG><a name="[13e]"></a>EvrRtxKernelSuspend</STRONG> (Thumb, 12 bytes, Stack size 0 bytes, rtx_evr.o(.text), UNUSED)
<BR><BR>[Calls]<UL><LI><a href="#[12e]">&gt;&gt;</a>&nbsp;&nbsp;&nbsp;EventRecord2
</UL>
<BR>[Called By]<UL><LI><a href="#[1ee]">&gt;&gt;</a>&nbsp;&nbsp;&nbsp;osKernelSuspend
</UL>

<P><STRONG><a name="[13f]"></a>EvrRtxKernelSuspended</STRONG> (Thumb, 12 bytes, Stack size 0 bytes, rtx_evr.o(.text))
<BR><BR>[Stack]<UL><LI>Max Depth = 72<LI>Call Chain = EvrRtxKernelSuspended &rArr; EventRecord2 &rArr; EventRecordItem
</UL>
<BR>[Calls]<UL><LI><a href="#[12e]">&gt;&gt;</a>&nbsp;&nbsp;&nbsp;EventRecord2
</UL>
<BR>[Called By]<UL><LI><a href="#[6e]">&gt;&gt;</a>&nbsp;&nbsp;&nbsp;svcRtxKernelSuspend
</UL>

<P><STRONG><a name="[140]"></a>EvrRtxKernelResume</STRONG> (Thumb, 12 bytes, Stack size 0 bytes, rtx_evr.o(.text), UNUSED)
<BR><BR>[Calls]<UL><LI><a href="#[12e]">&gt;&gt;</a>&nbsp;&nbsp;&nbsp;EventRecord2
</UL>
<BR>[Called By]<UL><LI><a href="#[1ef]">&gt;&gt;</a>&nbsp;&nbsp;&nbsp;osKernelResume
</UL>

<P><STRONG><a name="[141]"></a>EvrRtxKernelResumed</STRONG> (Thumb, 12 bytes, Stack size 0 bytes, rtx_evr.o(.text))
<BR><BR>[Stack]<UL><LI>Max Depth = 72<LI>Call Chain = EvrRtxKernelResumed &rArr; EventRecord2 &rArr; EventRecordItem
</UL>
<BR>[Calls]<UL><LI><a href="#[12e]">&gt;&gt;</a>&nbsp;&nbsp;&nbsp;EventRecord2
</UL>
<BR>[Called By]<UL><LI><a href="#[6f]">&gt;&gt;</a>&nbsp;&nbsp;&nbsp;svcRtxKernelResume
</UL>

<P><STRONG><a name="[142]"></a>EvrRtxKernelGetTickCount</STRONG> (Thumb, 12 bytes, Stack size 0 bytes, rtx_evr.o(.text))
<BR><BR>[Stack]<UL><LI>Max Depth = 72<LI>Call Chain = EvrRtxKernelGetTickCount &rArr; EventRecord2 &rArr; EventRecordItem
</UL>
<BR>[Calls]<UL><LI><a href="#[12e]">&gt;&gt;</a>&nbsp;&nbsp;&nbsp;EventRecord2
</UL>
<BR>[Called By]<UL><LI><a href="#[70]">&gt;&gt;</a>&nbsp;&nbsp;&nbsp;svcRtxKernelGetTickCount
</UL>

<P><STRONG><a name="[143]"></a>EvrRtxKernelGetTickFreq</STRONG> (Thumb, 12 bytes, Stack size 0 bytes, rtx_evr.o(.text))
<BR><BR>[Stack]<UL><LI>Max Depth = 72<LI>Call Chain = EvrRtxKernelGetTickFreq &rArr; EventRecord2 &rArr; EventRecordItem
</UL>
<BR>[Calls]<UL><LI><a href="#[12e]">&gt;&gt;</a>&nbsp;&nbsp;&nbsp;EventRecord2
</UL>
<BR>[Called By]<UL><LI><a href="#[71]">&gt;&gt;</a>&nbsp;&nbsp;&nbsp;svcRtxKernelGetTickFreq
</UL>

<P><STRONG><a name="[144]"></a>EvrRtxKernelGetSysTimerCount</STRONG> (Thumb, 12 bytes, Stack size 0 bytes, rtx_evr.o(.text))
<BR><BR>[Stack]<UL><LI>Max Depth = 72<LI>Call Chain = EvrRtxKernelGetSysTimerCount &rArr; EventRecord2 &rArr; EventRecordItem
</UL>
<BR>[Calls]<UL><LI><a href="#[12e]">&gt;&gt;</a>&nbsp;&nbsp;&nbsp;EventRecord2
</UL>
<BR>[Called By]<UL><LI><a href="#[72]">&gt;&gt;</a>&nbsp;&nbsp;&nbsp;svcRtxKernelGetSysTimerCount
</UL>

<P><STRONG><a name="[145]"></a>EvrRtxKernelGetSysTimerFreq</STRONG> (Thumb, 12 bytes, Stack size 0 bytes, rtx_evr.o(.text))
<BR><BR>[Stack]<UL><LI>Max Depth = 72<LI>Call Chain = EvrRtxKernelGetSysTimerFreq &rArr; EventRecord2 &rArr; EventRecordItem
</UL>
<BR>[Calls]<UL><LI><a href="#[12e]">&gt;&gt;</a>&nbsp;&nbsp;&nbsp;EventRecord2
</UL>
<BR>[Called By]<UL><LI><a href="#[73]">&gt;&gt;</a>&nbsp;&nbsp;&nbsp;svcRtxKernelGetSysTimerFreq
</UL>

<P><STRONG><a name="[146]"></a>EvrRtxKernelErrorNotify</STRONG> (Thumb, 12 bytes, Stack size 0 bytes, rtx_evr.o(.text))
<BR><BR>[Stack]<UL><LI>Max Depth = 72<LI>Call Chain = EvrRtxKernelErrorNotify &rArr; EventRecord2 &rArr; EventRecordItem
</UL>
<BR>[Calls]<UL><LI><a href="#[12e]">&gt;&gt;</a>&nbsp;&nbsp;&nbsp;EventRecord2
</UL>
<BR>[Called By]<UL><LI><a href="#[1e5]">&gt;&gt;</a>&nbsp;&nbsp;&nbsp;osRtxKernelErrorNotify
</UL>

<P><STRONG><a name="[147]"></a>EvrRtxThreadError</STRONG> (Thumb, 12 bytes, Stack size 0 bytes, rtx_evr.o(.text))
<BR><BR>[Stack]<UL><LI>Max Depth = 72<LI>Call Chain = EvrRtxThreadError &rArr; EventRecord2 &rArr; EventRecordItem
</UL>
<BR>[Calls]<UL><LI><a href="#[12e]">&gt;&gt;</a>&nbsp;&nbsp;&nbsp;EventRecord2
</UL>
<BR>[Called By]<UL><LI><a href="#[117]">&gt;&gt;</a>&nbsp;&nbsp;&nbsp;osThreadYield
<LI><a href="#[106]">&gt;&gt;</a>&nbsp;&nbsp;&nbsp;osThreadNew
<LI><a href="#[24c]">&gt;&gt;</a>&nbsp;&nbsp;&nbsp;osThreadTerminate
<LI><a href="#[24b]">&gt;&gt;</a>&nbsp;&nbsp;&nbsp;osThreadJoin
<LI><a href="#[24a]">&gt;&gt;</a>&nbsp;&nbsp;&nbsp;osThreadDetach
<LI><a href="#[249]">&gt;&gt;</a>&nbsp;&nbsp;&nbsp;osThreadResume
<LI><a href="#[248]">&gt;&gt;</a>&nbsp;&nbsp;&nbsp;osThreadSuspend
<LI><a href="#[246]">&gt;&gt;</a>&nbsp;&nbsp;&nbsp;osThreadSetPriority
<LI><a href="#[23d]">&gt;&gt;</a>&nbsp;&nbsp;&nbsp;osThreadExit
<LI><a href="#[9f]">&gt;&gt;</a>&nbsp;&nbsp;&nbsp;svcRtxThreadTerminate
<LI><a href="#[9e]">&gt;&gt;</a>&nbsp;&nbsp;&nbsp;svcRtxThreadJoin
<LI><a href="#[9d]">&gt;&gt;</a>&nbsp;&nbsp;&nbsp;svcRtxThreadDetach
<LI><a href="#[9c]">&gt;&gt;</a>&nbsp;&nbsp;&nbsp;svcRtxThreadResume
<LI><a href="#[9b]">&gt;&gt;</a>&nbsp;&nbsp;&nbsp;svcRtxThreadSuspend
<LI><a href="#[98]">&gt;&gt;</a>&nbsp;&nbsp;&nbsp;svcRtxThreadSetPriority
<LI><a href="#[92]">&gt;&gt;</a>&nbsp;&nbsp;&nbsp;svcRtxThreadNew
</UL>

<P><STRONG><a name="[148]"></a>EvrRtxThreadNew</STRONG> (Thumb, 22 bytes, Stack size 16 bytes, rtx_evr.o(.text))
<BR><BR>[Stack]<UL><LI>Max Depth = 104<LI>Call Chain = EvrRtxThreadNew &rArr; EventRecord4 &rArr; EventRecordItem
</UL>
<BR>[Calls]<UL><LI><a href="#[129]">&gt;&gt;</a>&nbsp;&nbsp;&nbsp;EventRecord4
</UL>
<BR>[Called By]<UL><LI><a href="#[106]">&gt;&gt;</a>&nbsp;&nbsp;&nbsp;osThreadNew
</UL>

<P><STRONG><a name="[149]"></a>EvrRtxThreadCreated</STRONG> (Thumb, 24 bytes, Stack size 0 bytes, rtx_evr.o(.text))
<BR><BR>[Stack]<UL><LI>Max Depth = 72<LI>Call Chain = EvrRtxThreadCreated &rArr; EventRecord2 &rArr; EventRecordItem
</UL>
<BR>[Calls]<UL><LI><a href="#[12e]">&gt;&gt;</a>&nbsp;&nbsp;&nbsp;EventRecord2
</UL>
<BR>[Called By]<UL><LI><a href="#[92]">&gt;&gt;</a>&nbsp;&nbsp;&nbsp;svcRtxThreadNew
</UL>

<P><STRONG><a name="[14a]"></a>EvrRtxThreadGetName</STRONG> (Thumb, 12 bytes, Stack size 0 bytes, rtx_evr.o(.text))
<BR><BR>[Stack]<UL><LI>Max Depth = 72<LI>Call Chain = EvrRtxThreadGetName &rArr; EventRecord2 &rArr; EventRecordItem
</UL>
<BR>[Calls]<UL><LI><a href="#[12e]">&gt;&gt;</a>&nbsp;&nbsp;&nbsp;EventRecord2
</UL>
<BR>[Called By]<UL><LI><a href="#[241]">&gt;&gt;</a>&nbsp;&nbsp;&nbsp;osThreadGetName
<LI><a href="#[93]">&gt;&gt;</a>&nbsp;&nbsp;&nbsp;svcRtxThreadGetName
</UL>

<P><STRONG><a name="[14b]"></a>EvrRtxThreadGetId</STRONG> (Thumb, 12 bytes, Stack size 0 bytes, rtx_evr.o(.text))
<BR><BR>[Stack]<UL><LI>Max Depth = 72<LI>Call Chain = EvrRtxThreadGetId &rArr; EventRecord2 &rArr; EventRecordItem
</UL>
<BR>[Calls]<UL><LI><a href="#[12e]">&gt;&gt;</a>&nbsp;&nbsp;&nbsp;EventRecord2
</UL>
<BR>[Called By]<UL><LI><a href="#[94]">&gt;&gt;</a>&nbsp;&nbsp;&nbsp;svcRtxThreadGetId
</UL>

<P><STRONG><a name="[14c]"></a>EvrRtxThreadGetState</STRONG> (Thumb, 12 bytes, Stack size 0 bytes, rtx_evr.o(.text))
<BR><BR>[Stack]<UL><LI>Max Depth = 72<LI>Call Chain = EvrRtxThreadGetState &rArr; EventRecord2 &rArr; EventRecordItem
</UL>
<BR>[Calls]<UL><LI><a href="#[12e]">&gt;&gt;</a>&nbsp;&nbsp;&nbsp;EventRecord2
</UL>
[...]
<BR><BR>[Stack]<UL><LI>Max Depth = 120<LI>Call Chain = SPI_Uninitialize &rArr; SPI_PowerControl &rArr; SPI_Control &rArr; HAL_GPIO_Init
</UL>
<BR>[Calls]<UL><LI><a href="#[287]">&gt;&gt;</a>&nbsp;&nbsp;&nbsp;SPI_PowerControl
<LI><a href="#[264]">&gt;&gt;</a>&nbsp;&nbsp;&nbsp;HAL_GPIO_DeInit
</UL>
<BR>[Called By]<UL><LI><a href="#[cd]">&gt;&gt;</a>&nbsp;&nbsp;&nbsp;SPI1_Uninitialize
</UL>

<P><STRONG><a name="[28c]"></a>SPI_TxData</STRONG> (Thumb, 72 bytes, Stack size 8 bytes, spi_stm32f4xx.o(.text))
<BR><BR>[Stack]<UL><LI>Max Depth = 8<LI>Call Chain = SPI_TxData
</UL>
<BR>[Called By]<UL><LI><a href="#[28f]">&gt;&gt;</a>&nbsp;&nbsp;&nbsp;SPI_IRQHandler
<LI><a href="#[28e]">&gt;&gt;</a>&nbsp;&nbsp;&nbsp;SPI_Transfer
<LI><a href="#[28d]">&gt;&gt;</a>&nbsp;&nbsp;&nbsp;SPI_Receive
<LI><a href="#[28b]">&gt;&gt;</a>&nbsp;&nbsp;&nbsp;SPI_Send
</UL>

<P><STRONG><a name="[28b]"></a>SPI_Send</STRONG> (Thumb, 120 bytes, Stack size 16 bytes, spi_stm32f4xx.o(.text))
<BR><BR>[Stack]<UL><LI>Max Depth = 24<LI>Call Chain = SPI_Send &rArr; SPI_TxData
</UL>
<BR>[Calls]<UL><LI><a href="#[28c]">&gt;&gt;</a>&nbsp;&nbsp;&nbsp;SPI_TxData
</UL>
<BR>[Called By]<UL><LI><a href="#[cf]">&gt;&gt;</a>&nbsp;&nbsp;&nbsp;SPI1_Send
</UL>

<P><STRONG><a name="[28d]"></a>SPI_Receive</STRONG> (Thumb, 120 bytes, Stack size 16 bytes, spi_stm32f4xx.o(.text))
<BR><BR>[Stack]<UL><LI>Max Depth = 24<LI>Call Chain = SPI_Receive &rArr; SPI_TxData
</UL>
<BR>[Calls]<UL><LI><a href="#[28c]">&gt;&gt;</a>&nbsp;&nbsp;&nbsp;SPI_TxData
</UL>
<BR>[Called By]<UL><LI><a href="#[d0]">&gt;&gt;</a>&nbsp;&nbsp;&nbsp;SPI1_Receive
</UL>

<P><STRONG><a name="[28e]"></a>SPI_Transfer</STRONG> (Thumb, 128 bytes, Stack size 16 bytes, spi_stm32f4xx.o(.text))
<BR><BR>[Stack]<UL><LI>Max Depth = 24<LI>Call Chain = SPI_Transfer &rArr; SPI_TxData
</UL>
<BR>[Calls]<UL><LI><a href="#[28c]">&gt;&gt;</a>&nbsp;&nbsp;&nbsp;SPI_TxData
</UL>
<BR>[Called By]<UL><LI><a href="#[d1]">&gt;&gt;</a>&nbsp;&nbsp;&nbsp;SPI1_Transfer
</UL>

<P><STRONG><a name="[291]"></a>SPI_GetDataCount</STRONG> (Thumb, 6 bytes, Stack size 0 bytes, spi_stm32f4xx.o(.text))
<BR><BR>[Called By]<UL><LI><a href="#[d2]">&gt;&gt;</a>&nbsp;&nbsp;&nbsp;SPI1_GetDataCount
</UL>

<P><STRONG><a name="[292]"></a>SPI_GetStatus</STRONG> (Thumb, 26 bytes, Stack size 8 bytes, spi_stm32f4xx.o(.text))
<BR><BR>[Stack]<UL><LI>Max Depth = 8<LI>Call Chain = SPI_GetStatus
</UL>
<BR>[Called By]<UL><LI><a href="#[d4]">&gt;&gt;</a>&nbsp;&nbsp;&nbsp;SPI1_GetStatus
</UL>

<P><STRONG><a name="[290]"></a>SPI_RxData</STRONG> (Thumb, 74 bytes, Stack size 0 bytes, spi_stm32f4xx.o(.text))
<BR><BR>[Called By]<UL><LI><a href="#[28f]">&gt;&gt;</a>&nbsp;&nbsp;&nbsp;SPI_IRQHandler
</UL>

<P><STRONG><a name="[28f]"></a>SPI_IRQHandler</STRONG> (Thumb, 206 bytes, Stack size 16 bytes, spi_stm32f4xx.o(.text))
<BR><BR>[Stack]<UL><LI>Max Depth = 24<LI>Call Chain = SPI_IRQHandler &rArr; SPI_TxData
</UL>
<BR>[Calls]<UL><LI><a href="#[290]">&gt;&gt;</a>&nbsp;&nbsp;&nbsp;SPI_RxData
<LI><a href="#[28c]">&gt;&gt;</a>&nbsp;&nbsp;&nbsp;SPI_TxData
</UL>
<BR>[Called By]<UL><LI><a href="#[2d]">&gt;&gt;</a>&nbsp;&nbsp;&nbsp;SPI1_IRQHandler
</UL>

<P><STRONG><a name="[cc]"></a>SPI1_Initialize</STRONG> (Thumb, 6 bytes, Stack size 0 bytes, spi_stm32f4xx.o(.text))
<BR><BR>[Stack]<UL><LI>Max Depth = 72<LI>Call Chain = SPI1_Initialize &rArr; SPI_Initialize &rArr; HAL_GPIO_Init
</UL>
<BR>[Calls]<UL><LI><a href="#[282]">&gt;&gt;</a>&nbsp;&nbsp;&nbsp;SPI_Initialize
</UL>
<BR>[Address Reference Count : 1]<UL><LI> spi_stm32f4xx.o(.constdata)
</UL>
<P><STRONG><a name="[cd]"></a>SPI1_Uninitialize</STRONG> (Thumb, 4 bytes, Stack size 0 bytes, spi_stm32f4xx.o(.text))
<BR><BR>[Stack]<UL><LI>Max Depth = 120<LI>Call Chain = SPI1_Uninitialize &rArr; SPI_Uninitialize &rArr; SPI_PowerControl &rArr; SPI_Control &rArr; HAL_GPIO_Init
</UL>
<BR>[Calls]<UL><LI><a href="#[28a]">&gt;&gt;</a>&nbsp;&nbsp;&nbsp;SPI_Uninitialize
</UL>
<BR>[Address Reference Count : 1]<UL><LI> spi_stm32f4xx.o(.constdata)
</UL>
<P><STRONG><a name="[ce]"></a>SPI1_PowerControl</STRONG> (Thumb, 4 bytes, Stack size 0 bytes, spi_stm32f4xx.o(.text))
<BR><BR>[Stack]<UL><LI>Max Depth = 112<LI>Call Chain = SPI1_PowerControl &rArr; SPI_PowerControl &rArr; SPI_Control &rArr; HAL_GPIO_Init
</UL>
<BR>[Calls]<UL><LI><a href="#[287]">&gt;&gt;</a>&nbsp;&nbsp;&nbsp;SPI_PowerControl
</UL>
<BR>[Address Reference Count : 1]<UL><LI> spi_stm32f4xx.o(.constdata)
</UL>
<P><STRONG><a name="[cf]"></a>SPI1_Send</STRONG> (Thumb, 4 bytes, Stack size 0 bytes, spi_stm32f4xx.o(.text))
<BR><BR>[Stack]<UL><LI>Max Depth = 24<LI>Call Chain = SPI1_Send &rArr; SPI_Send &rArr; SPI_TxData
</UL>
<BR>[Calls]<UL><LI><a href="#[28b]">&gt;&gt;</a>&nbsp;&nbsp;&nbsp;SPI_Send
</UL>
<BR>[Address Reference Count : 1]<UL><LI> spi_stm32f4xx.o(.constdata)
</UL>
<P><STRONG><a name="[d0]"></a>SPI1_Receive</STRONG> (Thumb, 4 bytes, Stack size 0 bytes, spi_stm32f4xx.o(.text))
<BR><BR>[Stack]<UL><LI>Max Depth = 24<LI>Call Chain = SPI1_Receive &rArr; SPI_Receive &rArr; SPI_TxData
</UL>
<BR>[Calls]<UL><LI><a href="#[28d]">&gt;&gt;</a>&nbsp;&nbsp;&nbsp;SPI_Receive
</UL>
<BR>[Address Reference Count : 1]<UL><LI> spi_stm32f4xx.o(.constdata)
</UL>
<P><STRONG><a name="[d1]"></a>SPI1_Transfer</STRONG> (Thumb, 4 bytes, Stack size 0 bytes, spi_stm32f4xx.o(.text))
<BR><BR>[Stack]<UL><LI>Max Depth = 24<LI>Call Chain = SPI1_Transfer &rArr; SPI_Transfer &rArr; SPI_TxData
</UL>
<BR>[Calls]<UL><LI><a href="#[28e]">&gt;&gt;</a>&nbsp;&nbsp;&nbsp;SPI_Transfer
</UL>
<BR>[Address Reference Count : 1]<UL><LI> spi_stm32f4xx.o(.constdata)
</UL>
<P><STRONG><a name="[d2]"></a>SPI1_GetDataCount</STRONG> (Thumb, 4 bytes, Stack size 0 bytes, spi_stm32f4xx.o(.text))
<BR><BR>[Calls]<UL><LI><a href="#[291]">&gt;&gt;</a>&nbsp;&nbsp;&nbsp;SPI_GetDataCount
</UL>
<BR>[Address Reference Count : 1]<UL><LI> spi_stm32f4xx.o(.constdata)
</UL>
<P><STRONG><a name="[d3]"></a>SPI1_Control</STRONG> (Thumb, 6 bytes, Stack size 0 bytes, spi_stm32f4xx.o(.text))
<BR><BR>[Stack]<UL><LI>Max Depth = 96<LI>Call Chain = SPI1_Control &rArr; SPI_Control &rArr; HAL_GPIO_Init
</UL>
<BR>[Calls]<UL><LI><a href="#[284]">&gt;&gt;</a>&nbsp;&nbsp;&nbsp;SPI_Control
</UL>
<BR>[Address Reference Count : 1]<UL><LI> spi_stm32f4xx.o(.constdata)
</UL>
<P><STRONG><a name="[d4]"></a>SPI1_GetStatus</STRONG> (Thumb, 4 bytes, Stack size 0 bytes, spi_stm32f4xx.o(.text))
<BR><BR>[Stack]<UL><LI>Max Depth = 8<LI>Call Chain = SPI1_GetStatus &rArr; SPI_GetStatus
</UL>
<BR>[Calls]<UL><LI><a href="#[292]">&gt;&gt;</a>&nbsp;&nbsp;&nbsp;SPI_GetStatus
</UL>
<BR>[Address Reference Count : 1]<UL><LI> spi_stm32f4xx.o(.constdata)
</UL>
<P><STRONG><a name="[293]"></a>EventRecordItem</STRONG> (Thumb, 170 bytes, Stack size 56 bytes, eventrecorder.o(.text))
<BR><BR>[Stack]<UL><LI>Max Depth = 56<LI>Call Chain = EventRecordItem
</UL>
<BR>[Calls]<UL><LI><a href="#[296]">&gt;&gt;</a>&nbsp;&nbsp;&nbsp;__asm___15_EventRecorder_c_e8d3082c__UnlockRecord
<LI><a href="#[295]">&gt;&gt;</a>&nbsp;&nbsp;&nbsp;__asm___15_EventRecorder_c_e8d3082c__LockRecord
<LI><a href="#[294]">&gt;&gt;</a>&nbsp;&nbsp;&nbsp;__asm___15_EventRecorder_c_e8d3082c__atomic_inc32
</UL>
<BR>[Called By]<UL><LI><a href="#[2a1]">&gt;&gt;</a>&nbsp;&nbsp;&nbsp;EventRecorderClockUpdate
<LI><a href="#[2a0]">&gt;&gt;</a>&nbsp;&nbsp;&nbsp;EventRecorderStop
<LI><a href="#[29b]">&gt;&gt;</a>&nbsp;&nbsp;&nbsp;EventRecorderStart
<LI><a href="#[135]">&gt;&gt;</a>&nbsp;&nbsp;&nbsp;EventRecordData
<LI><a href="#[129]">&gt;&gt;</a>&nbsp;&nbsp;&nbsp;EventRecord4
<LI><a href="#[12e]">&gt;&gt;</a>&nbsp;&nbsp;&nbsp;EventRecord2
<LI><a href="#[1f3]">&gt;&gt;</a>&nbsp;&nbsp;&nbsp;EventRecorderInitialize
</UL>

<P><STRONG><a name="[297]"></a>EventGetTS</STRONG> (Thumb, 66 bytes, Stack size 24 bytes, eventrecorder.o(.text))
<BR><BR>[Stack]<UL><LI>Max Depth = 24<LI>Call Chain = EventGetTS
</UL>
<BR>[Calls]<UL><LI><a href="#[298]">&gt;&gt;</a>&nbsp;&nbsp;&nbsp;EventRecorderTimerGetCount
<LI><a href="#[29a]">&gt;&gt;</a>&nbsp;&nbsp;&nbsp;__asm___15_EventRecorder_c_e8d3082c__atomic_wr32
<LI><a href="#[299]">&gt;&gt;</a>&nbsp;&nbsp;&nbsp;__asm___15_EventRecorder_c_e8d3082c__atomic_wr8
</UL>
<BR>[Called By]<UL><LI><a href="#[2a1]">&gt;&gt;</a>&nbsp;&nbsp;&nbsp;EventRecorderClockUpdate
<LI><a href="#[2a0]">&gt;&gt;</a>&nbsp;&nbsp;&nbsp;EventRecorderStop
<LI><a href="#[29b]">&gt;&gt;</a>&nbsp;&nbsp;&nbsp;EventRecorderStart
<LI><a href="#[135]">&gt;&gt;</a>&nbsp;&nbsp;&nbsp;EventRecordData
<LI><a href="#[129]">&gt;&gt;</a>&nbsp;&nbsp;&nbsp;EventRecord4
<LI><a href="#[12e]">&gt;&gt;</a>&nbsp;&nbsp;&nbsp;EventRecord2
<LI><a href="#[1f3]">&gt;&gt;</a>&nbsp;&nbsp;&nbsp;EventRecorderInitialize
</UL>

<P><STRONG><a name="[29c]"></a>crc16_ccitt</STRONG> (Thumb, 56 bytes, Stack size 16 bytes, eventrecorder.o(.text))
<BR><BR>[Stack]<UL><LI>Max Depth = 16<LI>Call Chain = crc16_ccitt
</UL>
<BR>[Called By]<UL><LI><a href="#[1f3]">&gt;&gt;</a>&nbsp;&nbsp;&nbsp;EventRecorderInitialize
</UL>

<P><STRONG><a name="[2a2]"></a>EventCheckFilter</STRONG> (Thumb, 36 bytes, Stack size 0 bytes, eventrecorder.o(.text))
<BR><BR>[Called By]<UL><LI><a href="#[135]">&gt;&gt;</a>&nbsp;&nbsp;&nbsp;EventRecordData
<LI><a href="#[129]">&gt;&gt;</a>&nbsp;&nbsp;&nbsp;EventRecord4
<LI><a href="#[12e]">&gt;&gt;</a>&nbsp;&nbsp;&nbsp;EventRecord2
</UL>

<P><STRONG><a name="[2a4]"></a>stdout_putchar</STRONG> (Thumb, 2 bytes, Stack size 0 bytes, retarget_io.o(.text))
<BR><BR>[Calls]<UL><LI><a href="#[2a5]">&gt;&gt;</a>&nbsp;&nbsp;&nbsp;ITM_SendChar
</UL>
<BR>[Called By]<UL><LI><a href="#[bc]">&gt;&gt;</a>&nbsp;&nbsp;&nbsp;fputc
</UL>

<P><STRONG><a name="[2af]"></a>__NVIC_SetPriority</STRONG> (Thumb, 32 bytes, Stack size 0 bytes, stm32f4xx_hal_cortex.o(.text))
<BR><BR>[Called By]<UL><LI><a href="#[2aa]">&gt;&gt;</a>&nbsp;&nbsp;&nbsp;HAL_SYSTICK_Config
<LI><a href="#[2ab]">&gt;&gt;</a>&nbsp;&nbsp;&nbsp;HAL_NVIC_SetPriority
</UL>

<P><STRONG><a name="[2b3]"></a>DMA_CalcBaseAndBitshift</STRONG> (Thumb, 38 bytes, Stack size 0 bytes, stm32f4xx_hal_dma.o(.text))
<BR><BR>[Called By]<UL><LI><a href="#[2b4]">&gt;&gt;</a>&nbsp;&nbsp;&nbsp;HAL_DMA_DeInit
<LI><a href="#[26d]">&gt;&gt;</a>&nbsp;&nbsp;&nbsp;HAL_DMA_Init
</UL>

<P><STRONG><a name="[2b2]"></a>DMA_CheckFifoParam</STRONG> (Thumb, 120 bytes, Stack size 8 bytes, stm32f4xx_hal_dma.o(.text))
<BR><BR>[Stack]<UL><LI>Max Depth = 8<LI>Call Chain = DMA_CheckFifoParam
</UL>
<BR>[Called By]<UL><LI><a href="#[26d]">&gt;&gt;</a>&nbsp;&nbsp;&nbsp;HAL_DMA_Init
</UL>

<P><STRONG><a name="[2b6]"></a>DMA_SetConfig</STRONG> (Thumb, 42 bytes, Stack size 12 bytes, stm32f4xx_hal_dma.o(.text))
<BR><BR>[Stack]<UL><LI>Max Depth = 12<LI>Call Chain = DMA_SetConfig
</UL>
<BR>[Called By]<UL><LI><a href="#[2b5]">&gt;&gt;</a>&nbsp;&nbsp;&nbsp;HAL_DMA_Start
<LI><a href="#[276]">&gt;&gt;</a>&nbsp;&nbsp;&nbsp;HAL_DMA_Start_IT
</UL>

<P><STRONG><a name="[ae]"></a>TIM_DMAPeriodElapsedHalfCplt</STRONG> (Thumb, 10 bytes, Stack size 8 bytes, stm32f4xx_hal_tim.o(.text))
<BR><BR>[Stack]<UL><LI>Max Depth = 8<LI>Call Chain = TIM_DMAPeriodElapsedHalfCplt
</UL>
<BR>[Calls]<UL><LI><a href="#[2ca]">&gt;&gt;</a>&nbsp;&nbsp;&nbsp;HAL_TIM_PeriodElapsedHalfCpltCallback
</UL>
<BR>[Address Reference Count : 1]<UL><LI> stm32f4xx_hal_tim.o(.text)
</UL>
<P><STRONG><a name="[ad]"></a>TIM_DMAPeriodElapsedCplt</STRONG> (Thumb, 24 bytes, Stack size 8 bytes, stm32f4xx_hal_tim.o(.text))
<BR><BR>[Stack]<UL><LI>Max Depth = 8<LI>Call Chain = TIM_DMAPeriodElapsedCplt
</UL>
<BR>[Calls]<UL><LI><a href="#[2cb]">&gt;&gt;</a>&nbsp;&nbsp;&nbsp;HAL_TIM_PeriodElapsedCallback
</UL>
<BR>[Address Reference Count : 1]<UL><LI> stm32f4xx_hal_tim.o(.text)
</UL>
<P><STRONG><a name="[af]"></a>TIM_DMADelayPulseCplt</STRONG> (Thumb, 94 bytes, Stack size 8 bytes, stm32f4xx_hal_tim.o(.text))
<BR><BR>[Stack]<UL><LI>Max Depth = 8<LI>Call Chain = TIM_DMADelayPulseCplt
</UL>
<BR>[Calls]<UL><LI><a href="#[2d8]">&gt;&gt;</a>&nbsp;&nbsp;&nbsp;HAL_TIM_PWM_PulseFinishedCallback
</UL>
<BR>[Address Reference Count : 1]<UL><LI> stm32f4xx_hal_tim.o(.text)
</UL>
<P><STRONG><a name="[30c]"></a>TIM_OC4_SetConfig</STRONG> (Thumb, 74 bytes, Stack size 12 bytes, stm32f4xx_hal_tim.o(.text), UNUSED)
<BR><BR>[Called By]<UL><LI><a href="#[312]">&gt;&gt;</a>&nbsp;&nbsp;&nbsp;HAL_TIM_PWM_ConfigChannel
<LI><a href="#[308]">&gt;&gt;</a>&nbsp;&nbsp;&nbsp;HAL_TIM_OC_ConfigChannel
</UL>

<P><STRONG><a name="[30b]"></a>TIM_OC3_SetConfig</STRONG> (Thumb, 104 bytes, Stack size 20 bytes, stm32f4xx_hal_tim.o(.text), UNUSED)
<BR><BR>[Called By]<UL><LI><a href="#[312]">&gt;&gt;</a>&nbsp;&nbsp;&nbsp;HAL_TIM_PWM_ConfigChannel
<LI><a href="#[308]">&gt;&gt;</a>&nbsp;&nbsp;&nbsp;HAL_TIM_OC_ConfigChannel
</UL>

<P><STRONG><a name="[309]"></a>TIM_OC1_SetConfig</STRONG> (Thumb, 96 bytes, Stack size 20 bytes, stm32f4xx_hal_tim.o(.text), UNUSED)
<BR><BR>[Called By]<UL><LI><a href="#[313]">&gt;&gt;</a>&nbsp;&nbsp;&nbsp;HAL_TIM_OnePulse_ConfigChannel
<LI><a href="#[312]">&gt;&gt;</a>&nbsp;&nbsp;&nbsp;HAL_TIM_PWM_ConfigChannel
<LI><a href="#[308]">&gt;&gt;</a>&nbsp;&nbsp;&nbsp;HAL_TIM_OC_ConfigChannel
</UL>

<P><STRONG><a name="[311]"></a>TIM_TI4_SetConfig</STRONG> (Thumb, 56 bytes, Stack size 12 bytes, stm32f4xx_hal_tim.o(.text), UNUSED)
<BR><BR>[Called By]<UL><LI><a href="#[30d]">&gt;&gt;</a>&nbsp;&nbsp;&nbsp;HAL_TIM_IC_ConfigChannel
</UL>

<P><STRONG><a name="[310]"></a>TIM_TI3_SetConfig</STRONG> (Thumb, 50 bytes, Stack size 12 bytes, stm32f4xx_hal_tim.o(.text), UNUSED)
<BR><BR>[Called By]<UL><LI><a href="#[30d]">&gt;&gt;</a>&nbsp;&nbsp;&nbsp;HAL_TIM_IC_ConfigChannel
</UL>

<P><STRONG><a name="[30f]"></a>TIM_TI2_SetConfig</STRONG> (Thumb, 54 bytes, Stack size 12 bytes, stm32f4xx_hal_tim.o(.text), UNUSED)
<BR><BR>[Called By]<UL><LI><a href="#[313]">&gt;&gt;</a>&nbsp;&nbsp;&nbsp;HAL_TIM_OnePulse_ConfigChannel
<LI><a href="#[30d]">&gt;&gt;</a>&nbsp;&nbsp;&nbsp;HAL_TIM_IC_ConfigChannel
</UL>

<P><STRONG><a name="[b5]"></a>TIM_DMATriggerHalfCplt</STRONG> (Thumb, 10 bytes, Stack size 8 bytes, stm32f4xx_hal_tim.o(.text))
<BR><BR>[Stack]<UL><LI>Max Depth = 8<LI>Call Chain = TIM_DMATriggerHalfCplt
</UL>
<BR>[Calls]<UL><LI><a href="#[314]">&gt;&gt;</a>&nbsp;&nbsp;&nbsp;HAL_TIM_TriggerHalfCpltCallback
</UL>
<BR>[Address Reference Count : 1]<UL><LI> stm32f4xx_hal_tim.o(.text)
</UL>
<P><STRONG><a name="[b4]"></a>TIM_DMATriggerCplt</STRONG> (Thumb, 24 bytes, Stack size 8 bytes, stm32f4xx_hal_tim.o(.text))
<BR><BR>[Stack]<UL><LI>Max Depth = 8<LI>Call Chain = TIM_DMATriggerCplt
</UL>
<BR>[Calls]<UL><LI><a href="#[306]">&gt;&gt;</a>&nbsp;&nbsp;&nbsp;HAL_TIM_TriggerCallback
</UL>
<BR>[Address Reference Count : 1]<UL><LI> stm32f4xx_hal_tim.o(.text)
</UL>
<P><STRONG><a name="[31f]"></a>TIM_ITRx_SetConfig</STRONG> (Thumb, 16 bytes, Stack size 0 bytes, stm32f4xx_hal_tim.o(.text), UNUSED)
<BR><BR>[Called By]<UL><LI><a href="#[31d]">&gt;&gt;</a>&nbsp;&nbsp;&nbsp;HAL_TIM_ConfigClockSource
</UL>

<P><STRONG><a name="[31e]"></a>TIM_TI1_ConfigInputStage</STRONG> (Thumb, 34 bytes, Stack size 8 bytes, stm32f4xx_hal_tim.o(.text), UNUSED)
<BR><BR>[Called By]<UL><LI><a href="#[31d]">&gt;&gt;</a>&nbsp;&nbsp;&nbsp;HAL_TIM_ConfigClockSource
<LI><a href="#[321]">&gt;&gt;</a>&nbsp;&nbsp;&nbsp;TIM_SlaveTimer_SetConfig
</UL>

<P><STRONG><a name="[320]"></a>TIM_TI2_ConfigInputStage</STRONG> (Thumb, 36 bytes, Stack size 8 bytes, stm32f4xx_hal_tim.o(.text), UNUSED)
<BR><BR>[Called By]<UL><LI><a href="#[31d]">&gt;&gt;</a>&nbsp;&nbsp;&nbsp;HAL_TIM_ConfigClockSource
<LI><a href="#[321]">&gt;&gt;</a>&nbsp;&nbsp;&nbsp;TIM_SlaveTimer_SetConfig
</UL>

<P><STRONG><a name="[321]"></a>TIM_SlaveTimer_SetConfig</STRONG> (Thumb, 140 bytes, Stack size 16 bytes, stm32f4xx_hal_tim.o(.text), UNUSED)
<BR><BR>[Calls]<UL><LI><a href="#[31c]">&gt;&gt;</a>&nbsp;&nbsp;&nbsp;TIM_ETR_SetConfig
<LI><a href="#[320]">&gt;&gt;</a>&nbsp;&nbsp;&nbsp;TIM_TI2_ConfigInputStage
<LI><a href="#[31e]">&gt;&gt;</a>&nbsp;&nbsp;&nbsp;TIM_TI1_ConfigInputStage
</UL>
<BR>[Called By]<UL><LI><a href="#[323]">&gt;&gt;</a>&nbsp;&nbsp;&nbsp;HAL_TIM_SlaveConfigSynchro_IT
<LI><a href="#[322]">&gt;&gt;</a>&nbsp;&nbsp;&nbsp;HAL_TIM_SlaveConfigSynchro
</UL>

<P><STRONG><a name="[32f]"></a>TIM_CCxNChannelCmd</STRONG> (Thumb, 26 bytes, Stack size 8 bytes, stm32f4xx_hal_tim_ex.o(.text), UNUSED)
<BR><BR>[Called By]<UL><LI><a href="#[33e]">&gt;&gt;</a>&nbsp;&nbsp;&nbsp;HAL_TIMEx_OnePulseN_Stop_IT
<LI><a href="#[33d]">&gt;&gt;</a>&nbsp;&nbsp;&nbsp;HAL_TIMEx_OnePulseN_Start_IT
<LI><a href="#[33c]">&gt;&gt;</a>&nbsp;&nbsp;&nbsp;HAL_TIMEx_OnePulseN_Stop
<LI><a href="#[33b]">&gt;&gt;</a>&nbsp;&nbsp;&nbsp;HAL_TIMEx_OnePulseN_Start
<LI><a href="#[33a]">&gt;&gt;</a>&nbsp;&nbsp;&nbsp;HAL_TIMEx_PWMN_Stop_DMA
<LI><a href="#[339]">&gt;&gt;</a>&nbsp;&nbsp;&nbsp;HAL_TIMEx_PWMN_Start_DMA
<LI><a href="#[338]">&gt;&gt;</a>&nbsp;&nbsp;&nbsp;HAL_TIMEx_PWMN_Stop_IT
<LI><a href="#[337]">&gt;&gt;</a>&nbsp;&nbsp;&nbsp;HAL_TIMEx_PWMN_Start_IT
<LI><a href="#[336]">&gt;&gt;</a>&nbsp;&nbsp;&nbsp;HAL_TIMEx_PWMN_Stop
<LI><a href="#[335]">&gt;&gt;</a>&nbsp;&nbsp;&nbsp;HAL_TIMEx_PWMN_Start
<LI><a href="#[334]">&gt;&gt;</a>&nbsp;&nbsp;&nbsp;HAL_TIMEx_OCN_Stop_DMA
<LI><a href="#[333]">&gt;&gt;</a>&nbsp;&nbsp;&nbsp;HAL_TIMEx_OCN_Start_DMA
<LI><a href="#[332]">&gt;&gt;</a>&nbsp;&nbsp;&nbsp;HAL_TIMEx_OCN_Stop_IT
<LI><a href="#[331]">&gt;&gt;</a>&nbsp;&nbsp;&nbsp;HAL_TIMEx_OCN_Start_IT
<LI><a href="#[330]">&gt;&gt;</a>&nbsp;&nbsp;&nbsp;HAL_TIMEx_OCN_Stop
<LI><a href="#[32e]">&gt;&gt;</a>&nbsp;&nbsp;&nbsp;HAL_TIMEx_OCN_Start
</UL>

<P><STRONG><a name="[b9]"></a>TIM_DMAErrorCCxN</STRONG> (Thumb, 62 bytes, Stack size 8 bytes, stm32f4xx_hal_tim_ex.o(.text))
<BR><BR>[Stack]<UL><LI>Max Depth = 8<LI>Call Chain = TIM_DMAErrorCCxN
</UL>
<BR>[Calls]<UL><LI><a href="#[2c9]">&gt;&gt;</a>&nbsp;&nbsp;&nbsp;HAL_TIM_ErrorCallback
</UL>
<BR>[Address Reference Count : 1]<UL><LI> stm32f4xx_hal_tim_ex.o(.text)
</UL>
<P><STRONG><a name="[b8]"></a>TIM_DMADelayPulseNCplt</STRONG> (Thumb, 94 bytes, Stack size 8 bytes, stm32f4xx_hal_tim_ex.o(.text))
<BR><BR>[Stack]<UL><LI>Max Depth = 8<LI>Call Chain = TIM_DMADelayPulseNCplt
</UL>
<BR>[Calls]<UL><LI><a href="#[2d8]">&gt;&gt;</a>&nbsp;&nbsp;&nbsp;HAL_TIM_PWM_PulseFinishedCallback
</UL>
<BR>[Address Reference Count : 1]<UL><LI> stm32f4xx_hal_tim_ex.o(.text)
</UL>
<P><STRONG><a name="[351]"></a>_fp_digits</STRONG> (Thumb, 366 bytes, Stack size 64 bytes, printfa.o(i._fp_digits), UNUSED)
<BR><BR>[Calls]<UL><LI><a href="#[2bd]">&gt;&gt;</a>&nbsp;&nbsp;&nbsp;__aeabi_uldivmod
<LI><a href="#[34b]">&gt;&gt;</a>&nbsp;&nbsp;&nbsp;__aeabi_dmul
<LI><a href="#[34c]">&gt;&gt;</a>&nbsp;&nbsp;&nbsp;__aeabi_ddiv
<LI><a href="#[347]">&gt;&gt;</a>&nbsp;&nbsp;&nbsp;__aeabi_dadd
<LI><a href="#[34d]">&gt;&gt;</a>&nbsp;&nbsp;&nbsp;__aeabi_d2ulz
<LI><a href="#[352]">&gt;&gt;</a>&nbsp;&nbsp;&nbsp;__aeabi_cdrcmple
</UL>
<BR>[Called By]<UL><LI><a href="#[350]">&gt;&gt;</a>&nbsp;&nbsp;&nbsp;_printf_core
</UL>

<P><STRONG><a name="[350]"></a>_printf_core</STRONG> (Thumb, 1704 bytes, Stack size 136 bytes, printfa.o(i._printf_core), UNUSED)
<BR><BR>[Calls]<UL><LI><a href="#[2bd]">&gt;&gt;</a>&nbsp;&nbsp;&nbsp;__aeabi_uldivmod
<LI><a href="#[355]">&gt;&gt;</a>&nbsp;&nbsp;&nbsp;__aeabi_uidivmod
<LI><a href="#[353]">&gt;&gt;</a>&nbsp;&nbsp;&nbsp;_printf_pre_padding
<LI><a href="#[354]">&gt;&gt;</a>&nbsp;&nbsp;&nbsp;_printf_post_padding
<LI><a href="#[351]">&gt;&gt;</a>&nbsp;&nbsp;&nbsp;_fp_digits
</UL>
<BR>[Called By]<UL><LI><a href="#[34f]">&gt;&gt;</a>&nbsp;&nbsp;&nbsp;__0printf
</UL>

<P><STRONG><a name="[354]"></a>_printf_post_padding</STRONG> (Thumb, 36 bytes, Stack size 24 bytes, printfa.o(i._printf_post_padding), UNUSED)
<BR><BR>[Called By]<UL><LI><a href="#[350]">&gt;&gt;</a>&nbsp;&nbsp;&nbsp;_printf_core
</UL>

<P><STRONG><a name="[353]"></a>_printf_pre_padding</STRONG> (Thumb, 46 bytes, Stack size 24 bytes, printfa.o(i._printf_pre_padding), UNUSED)
<BR><BR>[Called By]<UL><LI><a href="#[350]">&gt;&gt;</a>&nbsp;&nbsp;&nbsp;_printf_core
</UL>
<P>
<H3>
Undefined Global Symbols
</H3><HR></body></html>
